Archive member included because of file (symbol)

c:/program files (x86)/atollic/truestudio for arm pro 5.3.1/armtools/bin/../lib/gcc/arm-atollic-eabi/4.8.3/../../../../arm-atollic-eabi/lib/armv7e-m/fpu\libc.a(lib_a-init.o)
                              Application\TrueSTUDIO\startup_stm32f407xx.o (__libc_init_array)
c:/program files (x86)/atollic/truestudio for arm pro 5.3.1/armtools/bin/../lib/gcc/arm-atollic-eabi/4.8.3/../../../../arm-atollic-eabi/lib/armv7e-m/fpu\libc.a(lib_a-malloc.o)
                              Application\User\main.o (malloc)
c:/program files (x86)/atollic/truestudio for arm pro 5.3.1/armtools/bin/../lib/gcc/arm-atollic-eabi/4.8.3/../../../../arm-atollic-eabi/lib/armv7e-m/fpu\libc.a(lib_a-mallocr.o)
                              c:/program files (x86)/atollic/truestudio for arm pro 5.3.1/armtools/bin/../lib/gcc/arm-atollic-eabi/4.8.3/../../../../arm-atollic-eabi/lib/armv7e-m/fpu\libc.a(lib_a-malloc.o) (_malloc_r)
c:/program files (x86)/atollic/truestudio for arm pro 5.3.1/armtools/bin/../lib/gcc/arm-atollic-eabi/4.8.3/../../../../arm-atollic-eabi/lib/armv7e-m/fpu\libc.a(lib_a-memcmp.o)
                              Middlewares\LwIP\etharp.o (memcmp)
c:/program files (x86)/atollic/truestudio for arm pro 5.3.1/armtools/bin/../lib/gcc/arm-atollic-eabi/4.8.3/../../../../arm-atollic-eabi/lib/armv7e-m/fpu\libc.a(lib_a-memcpy-stub.o)
                              Middlewares\LwIP\tcp_out.o (memcpy)
c:/program files (x86)/atollic/truestudio for arm pro 5.3.1/armtools/bin/../lib/gcc/arm-atollic-eabi/4.8.3/../../../../arm-atollic-eabi/lib/armv7e-m/fpu\libc.a(lib_a-memset.o)
                              Middlewares\LwIP\udp.o (memset)
c:/program files (x86)/atollic/truestudio for arm pro 5.3.1/armtools/bin/../lib/gcc/arm-atollic-eabi/4.8.3/../../../../arm-atollic-eabi/lib/armv7e-m/fpu\libc.a(lib_a-mlock.o)
                              c:/program files (x86)/atollic/truestudio for arm pro 5.3.1/armtools/bin/../lib/gcc/arm-atollic-eabi/4.8.3/../../../../arm-atollic-eabi/lib/armv7e-m/fpu\libc.a(lib_a-mallocr.o) (__malloc_lock)
c:/program files (x86)/atollic/truestudio for arm pro 5.3.1/armtools/bin/../lib/gcc/arm-atollic-eabi/4.8.3/../../../../arm-atollic-eabi/lib/armv7e-m/fpu\libc.a(lib_a-sbrkr.o)
                              c:/program files (x86)/atollic/truestudio for arm pro 5.3.1/armtools/bin/../lib/gcc/arm-atollic-eabi/4.8.3/../../../../arm-atollic-eabi/lib/armv7e-m/fpu\libc.a(lib_a-mallocr.o) (_sbrk_r)
c:/program files (x86)/atollic/truestudio for arm pro 5.3.1/armtools/bin/../lib/gcc/arm-atollic-eabi/4.8.3/../../../../arm-atollic-eabi/lib/armv7e-m/fpu\libc.a(lib_a-strlen.o)
                              Middlewares\LwIP\pbuf.o (strlen)
c:/program files (x86)/atollic/truestudio for arm pro 5.3.1/armtools/bin/../lib/gcc/arm-atollic-eabi/4.8.3/../../../../arm-atollic-eabi/lib/armv7e-m/fpu\libc.a(lib_a-syscalls.o)
                              c:/program files (x86)/atollic/truestudio for arm pro 5.3.1/armtools/bin/../lib/gcc/arm-atollic-eabi/4.8.3/../../../../arm-atollic-eabi/lib/armv7e-m/fpu\libc.a(lib_a-sbrkr.o) (_sbrk)
c:/program files (x86)/atollic/truestudio for arm pro 5.3.1/armtools/bin/../lib/gcc/arm-atollic-eabi/4.8.3/../../../../arm-atollic-eabi/lib/armv7e-m/fpu\libc.a(lib_a-freer.o)
                              c:/program files (x86)/atollic/truestudio for arm pro 5.3.1/armtools/bin/../lib/gcc/arm-atollic-eabi/4.8.3/../../../../arm-atollic-eabi/lib/armv7e-m/fpu\libc.a(lib_a-malloc.o) (_free_r)
c:/program files (x86)/atollic/truestudio for arm pro 5.3.1/armtools/bin/../lib/gcc/arm-atollic-eabi/4.8.3/../../../../arm-atollic-eabi/lib/armv7e-m/fpu\libc.a(lib_a-impure.o)
                              c:/program files (x86)/atollic/truestudio for arm pro 5.3.1/armtools/bin/../lib/gcc/arm-atollic-eabi/4.8.3/../../../../arm-atollic-eabi/lib/armv7e-m/fpu\libc.a(lib_a-malloc.o) (_impure_ptr)
c:/program files (x86)/atollic/truestudio for arm pro 5.3.1/armtools/bin/../lib/gcc/arm-atollic-eabi/4.8.3/../../../../arm-atollic-eabi/lib/armv7e-m/fpu\libc.a(lib_a-reent.o)
                              c:/program files (x86)/atollic/truestudio for arm pro 5.3.1/armtools/bin/../lib/gcc/arm-atollic-eabi/4.8.3/../../../../arm-atollic-eabi/lib/armv7e-m/fpu\libc.a(lib_a-sbrkr.o) (errno)

Allocating common symbols
Common symbol       size              file

current_iphdr_src   0x4               Middlewares\LwIP\ip.o
netif_list          0x4               Middlewares\LwIP\netif.o
defaultTaskHandle   0x4               Application\User\main.o
tcp_active_pcbs_changed
                    0x1               Middlewares\LwIP\tcp.o
tcp_active_pcbs     0x4               Middlewares\LwIP\tcp.o
udp_pcbs            0x4               Middlewares\LwIP\udp.o
errno               0x4               c:/program files (x86)/atollic/truestudio for arm pro 5.3.1/armtools/bin/../lib/gcc/arm-atollic-eabi/4.8.3/../../../../arm-atollic-eabi/lib/armv7e-m/fpu\libc.a(lib_a-reent.o)
[...]
Memory Configuration

Name             Origin             Length             Attributes
FLASH            0x08000000         0x00100000         xr
RAM              0x20000000         0x00020000         xrw
CCMRAM           0x10000000         0x00010000         rw
*default*        0x00000000         0xffffffff

Linker script and memory map

LOAD c:/program files (x86)/atollic/truestudio for arm pro 5.3.1/armtools/bin/../lib/gcc/arm-atollic-eabi/4.8.3/armv7e-m/fpu/crti.o
LOAD c:/program files (x86)/atollic/truestudio for arm pro 5.3.1/armtools/bin/../lib/gcc/arm-atollic-eabi/4.8.3/armv7e-m/fpu/crtbegin.o
LOAD Middlewares\LwIP\vj.o
LOAD Middlewares\LwIP\udp.o
LOAD Middlewares\LwIP\tcpip.o
LOAD Middlewares\LwIP\tcp_out.o
LOAD Middlewares\LwIP\tcp_in.o
LOAD Middlewares\LwIP\tcp.o
LOAD Middlewares\LwIP\sys_arch.o
LOAD Middlewares\LwIP\sys.o
LOAD Middlewares\LwIP\stats.o
LOAD Middlewares\LwIP\sockets.o
LOAD Middlewares\LwIP\slipif.o
LOAD Middlewares\LwIP\raw.o
LOAD Middlewares\LwIP\randm.o
LOAD Middlewares\LwIP\ppp_oe.o
LOAD Middlewares\LwIP\ppp.o
LOAD Middlewares\LwIP\pbuf.o
LOAD Middlewares\LwIP\pap.o
LOAD Middlewares\LwIP\netifapi.o
LOAD Middlewares\LwIP\netif.o
LOAD Middlewares\LwIP\netdb.o
LOAD Middlewares\LwIP\netbuf.o
LOAD Middlewares\LwIP\msg_out.o
LOAD Middlewares\LwIP\msg_in.o
LOAD Middlewares\LwIP\mib_structs.o
LOAD Middlewares\LwIP\mib2.o
LOAD Middlewares\LwIP\memp.o
LOAD Middlewares\LwIP\mem.o
LOAD Middlewares\LwIP\md5.o
LOAD Middlewares\LwIP\magic.o
LOAD Middlewares\LwIP\lwip_timers.o
LOAD Middlewares\LwIP\lcp.o
LOAD Middlewares\LwIP\ipcp.o
LOAD Middlewares\LwIP\ip_frag.o
LOAD Middlewares\LwIP\ip_addr.o
LOAD Middlewares\LwIP\ip.o
LOAD Middlewares\LwIP\init.o
LOAD Middlewares\LwIP\inet_chksum.o
LOAD Middlewares\LwIP\inet.o
LOAD Middlewares\LwIP\igmp.o
LOAD Middlewares\LwIP\icmp.o
LOAD Middlewares\LwIP\fsm.o
LOAD Middlewares\LwIP\etharp.o
LOAD Middlewares\LwIP\err.o
LOAD Middlewares\LwIP\dns.o
LOAD Middlewares\LwIP\dhcp.o
LOAD Middlewares\LwIP\def.o
LOAD Middlewares\LwIP\chpms.o
LOAD Middlewares\LwIP\chap.o
LOAD Middlewares\LwIP\autoip.o
LOAD Middlewares\LwIP\auth.o
LOAD Middlewares\LwIP\asn1_enc.o
LOAD Middlewares\LwIP\asn1_dec.o
LOAD Middlewares\LwIP\api_msg.o
LOAD Middlewares\LwIP\api_lib.o
LOAD Middlewares\FreeRTOS\timers.o
LOAD Middlewares\FreeRTOS\tasks.o
LOAD Middlewares\FreeRTOS\queue.o
LOAD Middlewares\FreeRTOS\port.o
LOAD Middlewares\FreeRTOS\list.o
LOAD Middlewares\FreeRTOS\heap_4.o
LOAD Middlewares\FreeRTOS\event_groups.o
LOAD Middlewares\FreeRTOS\croutine.o
LOAD Middlewares\FreeRTOS\cmsis_os.o
LOAD Drivers\STM32F4xx_HAL_Driver\stm32f4xx_hal_rcc_ex.o
LOAD Drivers\STM32F4xx_HAL_Driver\stm32f4xx_hal_rcc.o
LOAD Drivers\STM32F4xx_HAL_Driver\stm32f4xx_hal_pwr_ex.o
LOAD Drivers\STM32F4xx_HAL_Driver\stm32f4xx_hal_pwr.o
LOAD Drivers\STM32F4xx_HAL_Driver\stm32f4xx_hal_gpio.o
LOAD Drivers\STM32F4xx_HAL_Driver\stm32f4xx_hal_flash_ramfunc.o
LOAD Drivers\STM32F4xx_HAL_Driver\stm32f4xx_hal_flash_ex.o
LOAD Drivers\STM32F4xx_HAL_Driver\stm32f4xx_hal_flash.o
LOAD Drivers\STM32F4xx_HAL_Driver\stm32f4xx_hal_eth.o
LOAD Drivers\STM32F4xx_HAL_Driver\stm32f4xx_hal_dma_ex.o
LOAD Drivers\STM32F4xx_HAL_Driver\stm32f4xx_hal_dma.o
LOAD Drivers\STM32F4xx_HAL_Driver\stm32f4xx_hal_cortex.o
LOAD Drivers\STM32F4xx_HAL_Driver\stm32f4xx_hal.o
LOAD Drivers\CMSIS\system_stm32f4xx.o
LOAD Application\User\stm32f4xx_it.o
LOAD Application\User\stm32f4xx_hal_msp.o
LOAD Application\User\main.o
LOAD Application\User\lwip.o
LOAD Application\User\freertos.o
LOAD Application\User\ethernetif.o
LOAD Application\TrueSTUDIO\startup_stm32f407xx.o
START GROUP
LOAD c:/program files (x86)/atollic/truestudio for arm pro 5.3.1/armtools/bin/../lib/gcc/arm-atollic-eabi/4.8.3/../../../../arm-atollic-eabi/lib/armv7e-m/fpu\libc.a
LOAD c:/program files (x86)/atollic/truestudio for arm pro 5.3.1/armtools/bin/../lib/gcc/arm-atollic-eabi/4.8.3/../../../../arm-atollic-eabi/lib/armv7e-m/fpu\libm.a
END GROUP
                0x00001000                malloc_getpagesize_P = 0x1000
START GROUP
LOAD c:/program files (x86)/atollic/truestudio for arm pro 5.3.1/armtools/bin/../lib/gcc/arm-atollic-eabi/4.8.3/armv7e-m/fpu\libgcc.a
LOAD c:/program files (x86)/atollic/truestudio for arm pro 5.3.1/armtools/bin/../lib/gcc/arm-atollic-eabi/4.8.3/../../../../arm-atollic-eabi/lib/armv7e-m/fpu\libc.a
END GROUP
LOAD c:/program files (x86)/atollic/truestudio for arm pro 5.3.1/armtools/bin/../lib/gcc/arm-atollic-eabi/4.8.3/armv7e-m/fpu/crtend.o
LOAD c:/program files (x86)/atollic/truestudio for arm pro 5.3.1/armtools/bin/../lib/gcc/arm-atollic-eabi/4.8.3/armv7e-m/fpu/crtn.o
                0x20020000                _estack = 0x20020000
                0x00000000                _Min_Heap_Size = 0x0
                0x00000400                _Min_Stack_Size = 0x400

.isr_vector     0x08000000      0x188
                0x08000000                . = ALIGN (0x4)
 *(.isr_vector)
 .isr_vector    0x08000000      0x188 Application\TrueSTUDIO\startup_stm32f407xx.o
                0x08000000                g_pfnVectors
                0x08000188                . = ALIGN (0x4)

.text           0x08000188    0x10d10
                0x08000188                . = ALIGN (0x4)
 *(.text)
 .text          0x08000188       0x40 c:/program files (x86)/atollic/truestudio for arm pro 5.3.1/armtools/bin/../lib/gcc/arm-atollic-eabi/4.8.3/armv7e-m/fpu/crtbegin.o
 *(.text*)
 .text.udp_init
                0x080001c8        0xc Middlewares\LwIP\udp.o
                0x080001c8                udp_init
 .text.udp_new_port
                0x080001d4       0x74 Middlewares\LwIP\udp.o
 .text.udp_input
                0x08000248      0x278 Middlewares\LwIP\udp.o
                0x08000248                udp_input
 .text.udp_sendto_if
                0x080004c0      0x130 Middlewares\LwIP\udp.o
                0x080004c0                udp_sendto_if
 .text.udp_bind
                0x080005f0       0xc0 Middlewares\LwIP\udp.o
                0x080005f0                udp_bind
 .text.udp_connect
                0x080006b0       0x9c Middlewares\LwIP\udp.o
                0x080006b0                udp_connect
 .text.udp_disconnect
                0x0800074c       0x2c Middlewares\LwIP\udp.o
                0x0800074c                udp_disconnect
 .text.udp_recv
                0x08000778       0x24 Middlewares\LwIP\udp.o
                0x08000778                udp_recv
 .text.udp_remove
                0x0800079c       0x60 Middlewares\LwIP\udp.o
                0x0800079c                udp_remove
 .text.udp_new  0x080007fc       0x30 Middlewares\LwIP\udp.o
                0x080007fc                udp_new
 .text.tcpip_thread
                0x0800082c      0x114 Middlewares\LwIP\tcpip.o
 .text.tcpip_input
                0x08000940       0x68 Middlewares\LwIP\tcpip.o
                0x08000940                tcpip_input
 .text.tcpip_callback_with_block
                0x080009a8       0x7c Middlewares\LwIP\tcpip.o
                0x080009a8                tcpip_callback_with_block
 .text.tcpip_apimsg
                0x08000a24       0x4c Middlewares\LwIP\tcpip.o
                0x08000a24                tcpip_apimsg
 .text.tcpip_init
                0x08000a70       0x50 Middlewares\LwIP\tcpip.o
                0x08000a70                tcpip_init
 .text.tcp_output_alloc_header
                0x08000ac0       0xd0 Middlewares\LwIP\tcp_out.o
 .text.tcp_send_fin
                0x08000b90       0x80 Middlewares\LwIP\tcp_out.o
                0x08000b90                tcp_send_fin
 .text.tcp_create_segment
                0x08000c10      0x104 Middlewares\LwIP\tcp_out.o
 .text.tcp_pbuf_prealloc
                0x08000d14       0xa4 Middlewares\LwIP\tcp_out.o
 .text.tcp_write_checks
                0x08000db8       0xac Middlewares\LwIP\tcp_out.o
 .text.tcp_write
                0x08000e64      0x448 Middlewares\LwIP\tcp_out.o
                0x08000e64                tcp_write
 .text.tcp_enqueue_flags
                0x080012ac      0x184 Middlewares\LwIP\tcp_out.o
                0x080012ac                tcp_enqueue_flags
 .text.tcp_send_empty_ack
                0x08001430       0x6c Middlewares\LwIP\tcp_out.o
                0x08001430                tcp_send_empty_ack
 .text.tcp_output
                0x0800149c      0x2a8 Middlewares\LwIP\tcp_out.o
                0x0800149c                tcp_output
 .text.tcp_output_segment
                0x08001744      0x148 Middlewares\LwIP\tcp_out.o
 .text.tcp_rst  0x0800188c       0xb8 Middlewares\LwIP\tcp_out.o
                0x0800188c                tcp_rst
 .text.tcp_rexmit_rto
                0x08001944       0x60 Middlewares\LwIP\tcp_out.o
                0x08001944                tcp_rexmit_rto
 .text.tcp_rexmit
                0x080019a4       0x94 Middlewares\LwIP\tcp_out.o
                0x080019a4                tcp_rexmit
 .text.tcp_rexmit_fast
                0x08001a38       0xa4 Middlewares\LwIP\tcp_out.o
                0x08001a38                tcp_rexmit_fast
 .text.tcp_keepalive
                0x08001adc       0x50 Middlewares\LwIP\tcp_out.o
                0x08001adc                tcp_keepalive
 .text.tcp_zero_window_probe
                0x08001b2c       0xec Middlewares\LwIP\tcp_out.o
                0x08001b2c                tcp_zero_window_probe
 .text.tcp_input
                0x08001c18      0x5f8 Middlewares\LwIP\tcp_in.o
                0x08001c18                tcp_input
 .text.tcp_listen_input
                0x08002210      0x198 Middlewares\LwIP\tcp_in.o
 .text.tcp_timewait_input
                0x080023a8       0xdc Middlewares\LwIP\tcp_in.o
 .text.tcp_process
                0x08002484      0x6b8 Middlewares\LwIP\tcp_in.o
 .text.tcp_oos_insert_segment
                0x08002b3c       0xec Middlewares\LwIP\tcp_in.o
 .text.tcp_receive
                0x08002c28      0xe44 Middlewares\LwIP\tcp_in.o
 .text.tcp_parseopt
                0x08003a6c      0x100 Middlewares\LwIP\tcp_in.o
 .text.tcp_init
                0x08003b6c        0xc Middlewares\LwIP\tcp.o
                0x08003b6c                tcp_init
 .text.tcp_tmr  0x08003b78       0x2c Middlewares\LwIP\tcp.o
                0x08003b78                tcp_tmr
 .text.tcp_close_shutdown
                0x08003ba4      0x248 Middlewares\LwIP\tcp.o
 .text.tcp_close
                0x08003dec       0x30 Middlewares\LwIP\tcp.o
                0x08003dec                tcp_close
 .text.tcp_shutdown
                0x08003e1c       0x8c Middlewares\LwIP\tcp.o
                0x08003e1c                tcp_shutdown
 .text.tcp_abandon
                0x08003ea8       0xcc Middlewares\LwIP\tcp.o
                0x08003ea8                tcp_abandon
 .text.tcp_abort
                0x08003f74       0x18 Middlewares\LwIP\tcp.o
                0x08003f74                tcp_abort
 .text.tcp_update_rcv_ann_wnd
                0x08003f8c       0x80 Middlewares\LwIP\tcp.o
                0x08003f8c                tcp_update_rcv_ann_wnd
 .text.tcp_recved
                0x0800400c       0x58 Middlewares\LwIP\tcp.o
                0x0800400c                tcp_recved
 .text.tcp_new_port
                0x08004064       0x8c Middlewares\LwIP\tcp.o
 .text.tcp_connect
                0x080040f0      0x1b8 Middlewares\LwIP\tcp.o
                0x080040f0                tcp_connect
 .text.tcp_slowtmr
                0x080042a8      0x45c Middlewares\LwIP\tcp.o
                0x080042a8                tcp_slowtmr
 .text.tcp_fasttmr
                0x08004704       0xa0 Middlewares\LwIP\tcp.o
                0x08004704                tcp_fasttmr
 .text.tcp_process_refused_data
                0x080047a4       0xd0 Middlewares\LwIP\tcp.o
                0x080047a4                tcp_process_refused_data
 .text.tcp_segs_free
                0x08004874       0x28 Middlewares\LwIP\tcp.o
                0x08004874                tcp_segs_free
 .text.tcp_seg_free
                0x0800489c       0x30 Middlewares\LwIP\tcp.o
                0x0800489c                tcp_seg_free
 .text.tcp_seg_copy
                0x080048cc       0x38 Middlewares\LwIP\tcp.o
                0x080048cc                tcp_seg_copy
 .text.tcp_recv_null
                0x08004904       0x48 Middlewares\LwIP\tcp.o
                0x08004904                tcp_recv_null
 .text.tcp_kill_prio
                0x0800494c       0x80 Middlewares\LwIP\tcp.o
 .text.tcp_kill_timewait
                0x080049cc       0x5c Middlewares\LwIP\tcp.o
 .text.tcp_alloc
                0x08004a28      0x118 Middlewares\LwIP\tcp.o
                0x08004a28                tcp_alloc
 .text.tcp_new  0x08004b40       0x10 Middlewares\LwIP\tcp.o
                0x08004b40                tcp_new
 .text.tcp_arg  0x08004b50       0x1c Middlewares\LwIP\tcp.o
                0x08004b50                tcp_arg
 .text.tcp_recv
                0x08004b6c       0x1c Middlewares\LwIP\tcp.o
                0x08004b6c                tcp_recv
 .text.tcp_sent
                0x08004b88       0x1c Middlewares\LwIP\tcp.o
                0x08004b88                tcp_sent
 .text.tcp_err  0x08004ba4       0x1c Middlewares\LwIP\tcp.o
                0x08004ba4                tcp_err
 .text.tcp_accept
                0x08004bc0       0x1c Middlewares\LwIP\tcp.o
                0x08004bc0                tcp_accept
 .text.tcp_poll
                0x08004bdc       0x28 Middlewares\LwIP\tcp.o
                0x08004bdc                tcp_poll
 .text.tcp_pcb_purge
                0x08004c04       0x80 Middlewares\LwIP\tcp.o
                0x08004c04                tcp_pcb_purge
 .text.tcp_pcb_remove
                0x08004c84       0xa8 Middlewares\LwIP\tcp.o
                0x08004c84                tcp_pcb_remove
 .text.tcp_next_iss
                0x08004d2c       0x28 Middlewares\LwIP\tcp.o
                0x08004d2c                tcp_next_iss
 .text.tcp_eff_send_mss
                0x08004d54       0x40 Middlewares\LwIP\tcp.o
                0x08004d54                tcp_eff_send_mss
 .text.sys_mbox_new
                0x08004d94       0x34 Middlewares\LwIP\sys_arch.o
                0x08004d94                sys_mbox_new
 .text.sys_mbox_free
                0x08004dc8       0x24 Middlewares\LwIP\sys_arch.o
                0x08004dc8                sys_mbox_free
 .text.sys_mbox_post
                0x08004dec       0x2c Middlewares\LwIP\sys_arch.o
                0x08004dec                sys_mbox_post
 .text.sys_mbox_trypost
                0x08004e18       0x38 Middlewares\LwIP\sys_arch.o
                0x08004e18                sys_mbox_trypost
 .text.sys_arch_mbox_fetch
                0x08004e50       0x8c Middlewares\LwIP\sys_arch.o
                0x08004e50                sys_arch_mbox_fetch
 .text.sys_arch_mbox_tryfetch
                0x08004edc       0x3c Middlewares\LwIP\sys_arch.o
                0x08004edc                sys_arch_mbox_tryfetch
 .text.sys_mbox_valid
                0x08004f18       0x24 Middlewares\LwIP\sys_arch.o
                0x08004f18                sys_mbox_valid
 .text.sys_mbox_set_invalid
                0x08004f3c       0x18 Middlewares\LwIP\sys_arch.o
                0x08004f3c                sys_mbox_set_invalid
 .text.sys_sem_new
                0x08004f54       0x64 Middlewares\LwIP\sys_arch.o
                0x08004f54                sys_sem_new
 .text.sys_arch_sem_wait
                0x08004fb8       0x78 Middlewares\LwIP\sys_arch.o
                0x08004fb8                sys_arch_sem_wait
 .text.sys_sem_signal
                0x08005030       0x20 Middlewares\LwIP\sys_arch.o
                0x08005030                sys_sem_signal
 .text.sys_sem_free
                0x08005050       0x18 Middlewares\LwIP\sys_arch.o
                0x08005050                sys_sem_free
 .text.sys_sem_valid
                0x08005068       0x24 Middlewares\LwIP\sys_arch.o
                0x08005068                sys_sem_valid
 .text.sys_sem_set_invalid
                0x0800508c       0x18 Middlewares\LwIP\sys_arch.o
                0x0800508c                sys_sem_set_invalid
 .text.sys_init
                0x080050a4       0x18 Middlewares\LwIP\sys_arch.o
                0x080050a4                sys_init
 .text.sys_mutex_new
                0x080050bc       0x2c Middlewares\LwIP\sys_arch.o
                0x080050bc                sys_mutex_new
 .text.sys_mutex_lock
                0x080050e8       0x18 Middlewares\LwIP\sys_arch.o
                0x080050e8                sys_mutex_lock
 .text.sys_mutex_unlock
                0x08005100       0x20 Middlewares\LwIP\sys_arch.o
                0x08005100                sys_mutex_unlock
 .text.sys_thread_new
                0x08005120       0x58 Middlewares\LwIP\sys_arch.o
                0x08005120                sys_thread_new
 .text.lwip_socket_init
                0x08005178        0xc Middlewares\LwIP\sockets.o
                0x08005178                lwip_socket_init
 .text.get_socket
                0x08005184       0x48 Middlewares\LwIP\sockets.o
 .text.alloc_socket
                0x080051cc       0xfc Middlewares\LwIP\sockets.o
 .text.lwip_connect
                0x080052c8       0xd0 Middlewares\LwIP\sockets.o
                0x080052c8                lwip_connect
 .text.lwip_recvfrom
                0x08005398      0x2e4 Middlewares\LwIP\sockets.o
                0x08005398                lwip_recvfrom
 .text.lwip_recv
                0x0800567c       0x2c Middlewares\LwIP\sockets.o
                0x0800567c                lwip_recv
 .text.lwip_socket
                0x080056a8       0xb0 Middlewares\LwIP\sockets.o
                0x080056a8                lwip_socket
 .text.event_callback
                0x08005758      0x1b8 Middlewares\LwIP\sockets.o
 .text.raw_input
                0x08005910       0xc0 Middlewares\LwIP\raw.o
                0x08005910                raw_input
 .text.raw_connect
                0x080059d0       0x2c Middlewares\LwIP\raw.o
                0x080059d0                raw_connect
 .text.raw_recv
                0x080059fc       0x24 Middlewares\LwIP\raw.o
                0x080059fc                raw_recv
 .text.raw_remove
                0x08005a20       0x60 Middlewares\LwIP\raw.o
                0x08005a20                raw_remove
 .text.raw_new  0x08005a80       0x4c Middlewares\LwIP\raw.o
                0x08005a80                raw_new
 .text.pbuf_free_ooseq
                0x08005acc       0x48 Middlewares\LwIP\pbuf.o
 .text.pbuf_free_ooseq_callback
                0x08005b14       0x14 Middlewares\LwIP\pbuf.o
 .text.pbuf_pool_is_empty
                0x08005b28       0x3c Middlewares\LwIP\pbuf.o
 .text.pbuf_alloc
                0x08005b64      0x200 Middlewares\LwIP\pbuf.o
                0x08005b64                pbuf_alloc
 .text.pbuf_alloced_custom
                0x08005d64       0xb4 Middlewares\LwIP\pbuf.o
                0x08005d64                pbuf_alloced_custom
 .text.pbuf_realloc
                0x08005e18       0xc8 Middlewares\LwIP\pbuf.o
                0x08005e18                pbuf_realloc
 .text.pbuf_header
                0x08005ee0       0xe0 Middlewares\LwIP\pbuf.o
                0x08005ee0                pbuf_header
 .text.pbuf_free
                0x08005fc0       0xb8 Middlewares\LwIP\pbuf.o
                0x08005fc0                pbuf_free
 .text.pbuf_clen
                0x08006078       0x30 Middlewares\LwIP\pbuf.o
                0x08006078                pbuf_clen
 .text.pbuf_ref
                0x080060a8       0x24 Middlewares\LwIP\pbuf.o
                0x080060a8                pbuf_ref
 .text.pbuf_cat
                0x080060cc       0x5c Middlewares\LwIP\pbuf.o
                0x080060cc                pbuf_cat
 .text.pbuf_chain
                0x08006128       0x20 Middlewares\LwIP\pbuf.o
                0x08006128                pbuf_chain
 .text.pbuf_copy
                0x08006148      0x110 Middlewares\LwIP\pbuf.o
                0x08006148                pbuf_copy
 .text.pbuf_copy_partial
                0x08006258       0xc4 Middlewares\LwIP\pbuf.o
                0x08006258                pbuf_copy_partial
 .text.netif_init
                0x0800631c        0xc Middlewares\LwIP\netif.o
                0x0800631c                netif_init
 .text.netif_add
                0x08006328       0x88 Middlewares\LwIP\netif.o
                0x08006328                netif_add
 .text.netif_set_addr
                0x080063b0       0x2c Middlewares\LwIP\netif.o
                0x080063b0                netif_set_addr
 .text.netif_set_ipaddr
                0x080063dc       0xb0 Middlewares\LwIP\netif.o
                0x080063dc                netif_set_ipaddr
 .text.netif_set_gw
                0x0800648c       0x28 Middlewares\LwIP\netif.o
                0x0800648c                netif_set_gw
 .text.netif_set_netmask
                0x080064b4       0x28 Middlewares\LwIP\netif.o
                0x080064b4                netif_set_netmask
 .text.netif_set_default
                0x080064dc       0x1c Middlewares\LwIP\netif.o
                0x080064dc                netif_set_default
 .text.netif_set_up
                0x080064f8       0x58 Middlewares\LwIP\netif.o
                0x080064f8                netif_set_up
 .text.netif_set_down
                0x08006550       0x44 Middlewares\LwIP\netif.o
                0x08006550                netif_set_down
 .text.netbuf_delete
                0x08006594       0x3c Middlewares\LwIP\netbuf.o
                0x08006594                netbuf_delete
 .text.memp_init
                0x080065d0       0x98 Middlewares\LwIP\memp.o
                0x080065d0                memp_init
 .text.memp_malloc
                0x08006668       0x44 Middlewares\LwIP\memp.o
                0x08006668                memp_malloc
 .text.memp_free
                0x080066ac       0x3c Middlewares\LwIP\memp.o
                0x080066ac                memp_free
 .text.plug_holes
                0x080066e8       0xbc Middlewares\LwIP\mem.o
 .text.mem_init
                0x080067a4       0x80 Middlewares\LwIP\mem.o
                0x080067a4                mem_init
 .text.mem_free
                0x08006824       0x74 Middlewares\LwIP\mem.o
                0x08006824                mem_free
 .text.mem_trim
                0x08006898      0x188 Middlewares\LwIP\mem.o
                0x08006898                mem_trim
 .text.mem_malloc
                0x08006a20      0x164 Middlewares\LwIP\mem.o
                0x08006a20                mem_malloc
 .text.tcpip_tcp_timer
                0x08006b84       0x44 Middlewares\LwIP\lwip_timers.o
 .text.tcp_timer_needed
                0x08006bc8       0x40 Middlewares\LwIP\lwip_timers.o
                0x08006bc8                tcp_timer_needed
 .text.ip_reass_timer
                0x08006c08       0x24 Middlewares\LwIP\lwip_timers.o
 .text.arp_timer
                0x08006c2c       0x24 Middlewares\LwIP\lwip_timers.o
 .text.dhcp_timer_coarse
                0x08006c50       0x24 Middlewares\LwIP\lwip_timers.o
 .text.dhcp_timer_fine
                0x08006c74       0x24 Middlewares\LwIP\lwip_timers.o
 .text.sys_timeouts_init
                0x08006c98       0x48 Middlewares\LwIP\lwip_timers.o
                0x08006c98                sys_timeouts_init
 .text.sys_timeout
                0x08006ce0       0xdc Middlewares\LwIP\lwip_timers.o
                0x08006ce0                sys_timeout
 .text.sys_untimeout
                0x08006dbc       0x8c Middlewares\LwIP\lwip_timers.o
                0x08006dbc                sys_untimeout
 .text.sys_timeouts_mbox_fetch
                0x08006e48       0xb0 Middlewares\LwIP\lwip_timers.o
                0x08006e48                sys_timeouts_mbox_fetch
 .text.ip_reass_tmr
                0x08006ef8       0x54 Middlewares\LwIP\ip_frag.o
                0x08006ef8                ip_reass_tmr
 .text.ip_reass_free_complete_datagram
                0x08006f4c       0xc4 Middlewares\LwIP\ip_frag.o
 .text.ip_reass_remove_oldest_datagram
                0x08007010       0xb8 Middlewares\LwIP\ip_frag.o
 .text.ip_reass_enqueue_new_datagram
                0x080070c8       0x74 Middlewares\LwIP\ip_frag.o
 .text.ip_reass_dequeue_datagram
                0x0800713c       0x38 Middlewares\LwIP\ip_frag.o
 .text.ip_reass_chain_frag_into_datagram_and_validate
                0x08007174      0x1fc Middlewares\LwIP\ip_frag.o
 .text.ip_reass
                0x08007370      0x240 Middlewares\LwIP\ip_frag.o
                0x08007370                ip_reass
 .text.ip_frag_alloc_pbuf_custom_ref
                0x080075b0       0x10 Middlewares\LwIP\ip_frag.o
 .text.ip_frag_free_pbuf_custom_ref
                0x080075c0       0x18 Middlewares\LwIP\ip_frag.o
 .text.ipfrag_free_pbuf_custom
                0x080075d8       0x2c Middlewares\LwIP\ip_frag.o
 .text.ip_frag  0x08007604      0x1f8 Middlewares\LwIP\ip_frag.o
                0x08007604                ip_frag
 .text.ip4_addr_isbroadcast
                0x080077fc       0x78 Middlewares\LwIP\ip_addr.o
                0x080077fc                ip4_addr_isbroadcast
 .text.ip_route
                0x08007874       0x78 Middlewares\LwIP\ip.o
                0x08007874                ip_route
 .text.ip_input
                0x080078ec      0x240 Middlewares\LwIP\ip.o
                0x080078ec                ip_input
 .text.ip_output_if
                0x08007b2c      0x118 Middlewares\LwIP\ip.o
                0x08007b2c                ip_output_if
 .text.ip_output
                0x08007c44       0x48 Middlewares\LwIP\ip.o
                0x08007c44                ip_output
 .text.lwip_init
                0x08007c8c       0x28 Middlewares\LwIP\init.o
                0x08007c8c                lwip_init
 .text.lwip_standard_chksum
                0x08007cb4       0xb8 Middlewares\LwIP\inet_chksum.o
 .text.inet_chksum
                0x08007d6c       0x24 Middlewares\LwIP\inet_chksum.o
                0x08007d6c                inet_chksum
 .text.inet_chksum_pbuf
                0x08007d90       0x98 Middlewares\LwIP\inet_chksum.o
                0x08007d90                inet_chksum_pbuf
 .text.icmp_input
                0x08007e28      0x1c8 Middlewares\LwIP\icmp.o
                0x08007e28                icmp_input
 .text.icmp_dest_unreach
                0x08007ff0       0x20 Middlewares\LwIP\icmp.o
                0x08007ff0                icmp_dest_unreach
 .text.icmp_time_exceeded
                0x08008010       0x20 Middlewares\LwIP\icmp.o
                0x08008010                icmp_time_exceeded
 .text.icmp_send_response
                0x08008030       0xac Middlewares\LwIP\icmp.o
 .text.etharp_free_entry
                0x080080dc       0x64 Middlewares\LwIP\etharp.o
 .text.etharp_tmr
                0x08008140       0xdc Middlewares\LwIP\etharp.o
                0x08008140                etharp_tmr
 .text.etharp_find_entry
                0x0800821c      0x1fc Middlewares\LwIP\etharp.o
 .text.etharp_send_ip
                0x08008418       0x50 Middlewares\LwIP\etharp.o
 .text.etharp_update_arp_entry
                0x08008468      0x120 Middlewares\LwIP\etharp.o
 .text.etharp_cleanup_netif
                0x08008588       0x60 Middlewares\LwIP\etharp.o
                0x08008588                etharp_cleanup_netif
 .text.etharp_arp_input
                0x080085e8      0x18c Middlewares\LwIP\etharp.o
 .text.etharp_output_to_arp_index
                0x08008774       0xa8 Middlewares\LwIP\etharp.o
 .text.etharp_output
                0x0800881c      0x18c Middlewares\LwIP\etharp.o
                0x0800881c                etharp_output
 .text.etharp_query
                0x080089a8      0x224 Middlewares\LwIP\etharp.o
                0x080089a8                etharp_query
 .text.etharp_raw
                0x08008bcc       0xf4 Middlewares\LwIP\etharp.o
 .text.etharp_request
                0x08008cc0       0x44 Middlewares\LwIP\etharp.o
                0x08008cc0                etharp_request
 .text.ethernet_input
                0x08008d04       0xfc Middlewares\LwIP\etharp.o
                0x08008d04                ethernet_input
 .text.dhcp_handle_nak
                0x08008e00       0x44 Middlewares\LwIP\dhcp.o
 .text.dhcp_check
                0x08008e44       0x5c Middlewares\LwIP\dhcp.o
 .text.dhcp_handle_offer
                0x08008ea0       0x44 Middlewares\LwIP\dhcp.o
 .text.dhcp_select
                0x08008ee4      0x138 Middlewares\LwIP\dhcp.o
 .text.dhcp_coarse_tmr
                0x0800901c       0x5c Middlewares\LwIP\dhcp.o
                0x0800901c                dhcp_coarse_tmr
 .text.dhcp_fine_tmr
                0x08009078       0x60 Middlewares\LwIP\dhcp.o
                0x08009078                dhcp_fine_tmr
 .text.dhcp_timeout
                0x080090d8       0xc8 Middlewares\LwIP\dhcp.o
 .text.dhcp_t1_timeout
                0x080091a0       0x34 Middlewares\LwIP\dhcp.o
 .text.dhcp_t2_timeout
                0x080091d4       0x34 Middlewares\LwIP\dhcp.o
 .text.dhcp_handle_ack
                0x08009208       0xb8 Middlewares\LwIP\dhcp.o
 .text.dhcp_start
                0x080092c0      0x120 Middlewares\LwIP\dhcp.o
                0x080092c0                dhcp_start
 .text.dhcp_arp_reply
                0x080093e0       0x40 Middlewares\LwIP\dhcp.o
                0x080093e0                dhcp_arp_reply
 .text.dhcp_decline
                0x08009420       0xc4 Middlewares\LwIP\dhcp.o
 .text.dhcp_discover
                0x080094e4      0x104 Middlewares\LwIP\dhcp.o
 .text.dhcp_bind
                0x080095e8      0x14c Middlewares\LwIP\dhcp.o
 .text.dhcp_renew
                0x08009734       0xd4 Middlewares\LwIP\dhcp.o
                0x08009734                dhcp_renew
 .text.dhcp_rebind
                0x08009808       0xd4 Middlewares\LwIP\dhcp.o
 .text.dhcp_reboot
                0x080098dc       0xf0 Middlewares\LwIP\dhcp.o
 .text.dhcp_release
                0x080099cc      0x110 Middlewares\LwIP\dhcp.o
                0x080099cc                dhcp_release
 .text.dhcp_stop
                0x08009adc       0x54 Middlewares\LwIP\dhcp.o
                0x08009adc                dhcp_stop
 .text.dhcp_set_state
                0x08009b30       0x34 Middlewares\LwIP\dhcp.o
 .text.dhcp_option
                0x08009b64       0x4c Middlewares\LwIP\dhcp.o
 .text.dhcp_option_byte
                0x08009bb0       0x30 Middlewares\LwIP\dhcp.o
 .text.dhcp_option_short
                0x08009be0       0x50 Middlewares\LwIP\dhcp.o
 .text.dhcp_option_long
                0x08009c30       0x8c Middlewares\LwIP\dhcp.o
 .text.dhcp_parse_reply
                0x08009cbc      0x428 Middlewares\LwIP\dhcp.o
 .text.dhcp_recv
                0x0800a0e4      0x144 Middlewares\LwIP\dhcp.o
 .text.dhcp_create_msg
                0x0800a228      0x21c Middlewares\LwIP\dhcp.o
 .text.dhcp_delete_msg
                0x0800a444       0x34 Middlewares\LwIP\dhcp.o
 .text.dhcp_option_trailer
                0x0800a478       0x68 Middlewares\LwIP\dhcp.o
 .text.lwip_htons
                0x0800a4e0       0x2c Middlewares\LwIP\def.o
                0x0800a4e0                lwip_htons
 .text.lwip_ntohs
                0x0800a50c       0x1c Middlewares\LwIP\def.o
                0x0800a50c                lwip_ntohs
 .text.lwip_htonl
                0x0800a528       0x34 Middlewares\LwIP\def.o
                0x0800a528                lwip_htonl
 .text.lwip_ntohl
                0x0800a55c       0x18 Middlewares\LwIP\def.o
                0x0800a55c                lwip_ntohl
 .text.recv_raw
                0x0800a574       0xd8 Middlewares\LwIP\api_msg.o
 .text.recv_udp
                0x0800a64c       0xa4 Middlewares\LwIP\api_msg.o
 .text.recv_tcp
                0x0800a6f0       0xa4 Middlewares\LwIP\api_msg.o
 .text.poll_tcp
                0x0800a794       0x88 Middlewares\LwIP\api_msg.o
 .text.sent_tcp
                0x0800a81c       0x88 Middlewares\LwIP\api_msg.o
 .text.err_tcp  0x0800a8a4       0xf4 Middlewares\LwIP\api_msg.o
 .text.setup_tcp
                0x0800a998       0x50 Middlewares\LwIP\api_msg.o
 .text.pcb_new  0x0800a9e8       0xe4 Middlewares\LwIP\api_msg.o
 .text.do_newconn
                0x0800aacc       0x30 Middlewares\LwIP\api_msg.o
                0x0800aacc                do_newconn
 .text.netconn_alloc
                0x0800aafc       0xac Middlewares\LwIP\api_msg.o
                0x0800aafc                netconn_alloc
 .text.netconn_free
                0x0800aba8       0x40 Middlewares\LwIP\api_msg.o
                0x0800aba8                netconn_free
 .text.netconn_drain
                0x0800abe8       0xf8 Middlewares\LwIP\api_msg.o
 .text.do_close_internal
                0x0800ace0      0x194 Middlewares\LwIP\api_msg.o
 .text.do_delconn
                0x0800ae74      0x118 Middlewares\LwIP\api_msg.o
                0x0800ae74                do_delconn
 .text.do_connected
                0x0800af8c       0xc0 Middlewares\LwIP\api_msg.o
 .text.do_connect
                0x0800b04c      0x138 Middlewares\LwIP\api_msg.o
                0x0800b04c                do_connect
 .text.do_disconnect
                0x0800b184       0x44 Middlewares\LwIP\api_msg.o
                0x0800b184                do_disconnect
 .text.do_recv  0x0800b1c8       0x6c Middlewares\LwIP\api_msg.o
                0x0800b1c8                do_recv
 .text.do_writemore
                0x0800b234      0x1c8 Middlewares\LwIP\api_msg.o
 .text.do_getaddr
                0x0800b3fc       0xf0 Middlewares\LwIP\api_msg.o
                0x0800b3fc                do_getaddr
 .text.netconn_new_with_proto_and_callback
                0x0800b4ec       0x8c Middlewares\LwIP\api_lib.o
                0x0800b4ec                netconn_new_with_proto_and_callback
 .text.netconn_delete
                0x0800b578       0x3c Middlewares\LwIP\api_lib.o
                0x0800b578                netconn_delete
 .text.netconn_getaddr
                0x0800b5b4       0x78 Middlewares\LwIP\api_lib.o
                0x0800b5b4                netconn_getaddr
 .text.netconn_connect
                0x0800b62c       0x60 Middlewares\LwIP\api_lib.o
                0x0800b62c                netconn_connect
 .text.netconn_disconnect
                0x0800b68c       0x50 Middlewares\LwIP\api_lib.o
                0x0800b68c                netconn_disconnect
 .text.netconn_recv_data
                0x0800b6dc      0x110 Middlewares\LwIP\api_lib.o
 .text.netconn_recv_tcp_pbuf
                0x0800b7ec       0x30 Middlewares\LwIP\api_lib.o
                0x0800b7ec                netconn_recv_tcp_pbuf
 .text.netconn_recv
                0x0800b81c       0xc8 Middlewares\LwIP\api_lib.o
                0x0800b81c                netconn_recv
 .text.netconn_recved
                0x0800b8e4       0x44 Middlewares\LwIP\api_lib.o
                0x0800b8e4                netconn_recved
 .text.xTaskGenericCreate
                0x0800b928      0x1a0 Middlewares\FreeRTOS\tasks.o
                0x0800b928                xTaskGenericCreate
 .text.vTaskStartScheduler
                0x0800bac8       0x80 Middlewares\FreeRTOS\tasks.o
                0x0800bac8                vTaskStartScheduler
 .text.vTaskSuspendAll
                0x0800bb48       0x1c Middlewares\FreeRTOS\tasks.o
                0x0800bb48                vTaskSuspendAll
 .text.xTaskResumeAll
                0x0800bb64      0x128 Middlewares\FreeRTOS\tasks.o
                0x0800bb64                xTaskResumeAll
 .text.xTaskGetTickCount
                0x0800bc8c       0x20 Middlewares\FreeRTOS\tasks.o
                0x0800bc8c                xTaskGetTickCount
 .text.xTaskIncrementTick
                0x0800bcac      0x17c Middlewares\FreeRTOS\tasks.o
                0x0800bcac                xTaskIncrementTick
 .text.vTaskSwitchContext
                0x0800be28       0xb4 Middlewares\FreeRTOS\tasks.o
                0x0800be28                vTaskSwitchContext
 .text.vTaskPlaceOnEventList
                0x0800bedc       0x9c Middlewares\FreeRTOS\tasks.o
                0x0800bedc                vTaskPlaceOnEventList
 .text.xTaskRemoveFromEventList
                0x0800bf78       0xc4 Middlewares\FreeRTOS\tasks.o
                0x0800bf78                xTaskRemoveFromEventList
 .text.vTaskSetTimeOutState
                0x0800c03c       0x44 Middlewares\FreeRTOS\tasks.o
                0x0800c03c                vTaskSetTimeOutState
 .text.xTaskCheckForTimeOut
                0x0800c080       0xbc Middlewares\FreeRTOS\tasks.o
                0x0800c080                xTaskCheckForTimeOut
 .text.vTaskMissedYield
                0x0800c13c       0x18 Middlewares\FreeRTOS\tasks.o
                0x0800c13c                vTaskMissedYield
 .text.prvIdleTask
                0x0800c154       0x30 Middlewares\FreeRTOS\tasks.o
 .text.prvInitialiseTCBVariables
                0x0800c184       0xa4 Middlewares\FreeRTOS\tasks.o
 .text.prvInitialiseTaskLists
                0x0800c228       0x7c Middlewares\FreeRTOS\tasks.o
 .text.prvCheckTasksWaitingTermination
                0x0800c2a4       0x74 Middlewares\FreeRTOS\tasks.o
 .text.prvAddCurrentTaskToDelayedList
                0x0800c318       0x6c Middlewares\FreeRTOS\tasks.o
 .text.prvAllocateTCBAndStack
                0x0800c384       0x70 Middlewares\FreeRTOS\tasks.o
 .text.prvDeleteTCB
                0x0800c3f4       0x20 Middlewares\FreeRTOS\tasks.o
 .text.prvResetNextTaskUnblockTime
                0x0800c414       0x48 Middlewares\FreeRTOS\tasks.o
 .text.xTaskGetSchedulerState
                0x0800c45c       0x3c Middlewares\FreeRTOS\tasks.o
                0x0800c45c                xTaskGetSchedulerState
 .text.vTaskPriorityInherit
                0x0800c498       0xec Middlewares\FreeRTOS\tasks.o
                0x0800c498                vTaskPriorityInherit
 .text.xTaskPriorityDisinherit
                0x0800c584      0x108 Middlewares\FreeRTOS\tasks.o
                0x0800c584                xTaskPriorityDisinherit
 .text.pvTaskIncrementMutexHeldCount
                0x0800c68c       0x28 Middlewares\FreeRTOS\tasks.o
                0x0800c68c                pvTaskIncrementMutexHeldCount
 .text.xQueueGenericReset
                0x0800c6b4       0xd0 Middlewares\FreeRTOS\queue.o
                0x0800c6b4                xQueueGenericReset
 .text.xQueueGenericCreate
                0x0800c784       0xb8 Middlewares\FreeRTOS\queue.o
                0x0800c784                xQueueGenericCreate
 .text.xQueueCreateMutex
                0x0800c83c       0xa0 Middlewares\FreeRTOS\queue.o
                0x0800c83c                xQueueCreateMutex
 .text.xQueueCreateCountingSemaphore
                0x0800c8dc       0x7c Middlewares\FreeRTOS\queue.o
                0x0800c8dc                xQueueCreateCountingSemaphore
 .text.xQueueGenericSend
                0x0800c958      0x1ec Middlewares\FreeRTOS\queue.o
                0x0800c958                xQueueGenericSend
 .text.xQueueGiveFromISR
                0x0800cb44      0x100 Middlewares\FreeRTOS\queue.o
                0x0800cb44                xQueueGiveFromISR
 .text.xQueueGenericReceive
                0x0800cc44      0x20c Middlewares\FreeRTOS\queue.o
                0x0800cc44                xQueueGenericReceive
 .text.xQueueReceiveFromISR
                0x0800ce50       0xe8 Middlewares\FreeRTOS\queue.o
                0x0800ce50                xQueueReceiveFromISR
 .text.uxQueueMessagesWaiting
                0x0800cf38       0x3c Middlewares\FreeRTOS\queue.o
                0x0800cf38                uxQueueMessagesWaiting
 .text.vQueueDelete
                0x0800cf74       0x38 Middlewares\FreeRTOS\queue.o
                0x0800cf74                vQueueDelete
 .text.prvCopyDataToQueue
                0x0800cfac       0xdc Middlewares\FreeRTOS\queue.o
 .text.prvCopyDataFromQueue
                0x0800d088       0x4c Middlewares\FreeRTOS\queue.o
 .text.prvUnlockQueue
                0x0800d0d4       0x98 Middlewares\FreeRTOS\queue.o
 .text.prvIsQueueEmpty
                0x0800d16c       0x2c Middlewares\FreeRTOS\queue.o
 .text.prvIsQueueFull
                0x0800d198       0x30 Middlewares\FreeRTOS\queue.o
 .text.vQueueUnregisterQueue
                0x0800d1c8       0x44 Middlewares\FreeRTOS\queue.o
                0x0800d1c8                vQueueUnregisterQueue
 .text.pxPortInitialiseStack
                0x0800d20c       0x64 Middlewares\FreeRTOS\port.o
                0x0800d20c                pxPortInitialiseStack
 .text.prvTaskExitError
                0x0800d270       0x3c Middlewares\FreeRTOS\port.o
 .text.SVC_Handler
                0x0800d2ac       0x20 Middlewares\FreeRTOS\port.o
                0x0800d2ac                SVC_Handler
 .text.prvPortStartFirstTask
                0x0800d2cc       0x20 Middlewares\FreeRTOS\port.o
 .text.xPortStartScheduler
                0x0800d2ec      0x118 Middlewares\FreeRTOS\port.o
                0x0800d2ec                xPortStartScheduler
 .text.vPortEnterCritical
                0x0800d404       0x5c Middlewares\FreeRTOS\port.o
                0x0800d404                vPortEnterCritical
 .text.vPortExitCritical
                0x0800d460       0x4c Middlewares\FreeRTOS\port.o
                0x0800d460                vPortExitCritical
 .text.PendSV_Handler
                0x0800d4ac       0x60 Middlewares\FreeRTOS\port.o
                0x0800d4ac                PendSV_Handler
 .text.xPortSysTickHandler
                0x0800d50c       0x44 Middlewares\FreeRTOS\port.o
                0x0800d50c                xPortSysTickHandler
 .text.vPortSetupTimerInterrupt
                0x0800d550       0x34 Middlewares\FreeRTOS\port.o
                0x0800d550                vPortSetupTimerInterrupt
 .text.vPortEnableVFP
                0x0800d584       0x14 Middlewares\FreeRTOS\port.o
 .text.vPortValidateInterruptPriority
                0x0800d598       0x78 Middlewares\FreeRTOS\port.o
                0x0800d598                vPortValidateInterruptPriority
 .text.vListInitialise
                0x0800d610       0x40 Middlewares\FreeRTOS\list.o
                0x0800d610                vListInitialise
 .text.vListInitialiseItem
                0x0800d650       0x18 Middlewares\FreeRTOS\list.o
                0x0800d650                vListInitialiseItem
 .text.vListInsertEnd
                0x0800d668       0x48 Middlewares\FreeRTOS\list.o
                0x0800d668                vListInsertEnd
 .text.vListInsert
                0x0800d6b0       0x70 Middlewares\FreeRTOS\list.o
                0x0800d6b0                vListInsert
 .text.uxListRemove
                0x0800d720       0x54 Middlewares\FreeRTOS\list.o
                0x0800d720                uxListRemove
 .text.pvPortMalloc
                0x0800d774      0x184 Middlewares\FreeRTOS\heap_4.o
                0x0800d774                pvPortMalloc
 .text.vPortFree
                0x0800d8f8       0xb0 Middlewares\FreeRTOS\heap_4.o
                0x0800d8f8                vPortFree
 .text.prvHeapInit
                0x0800d9a8       0xc4 Middlewares\FreeRTOS\heap_4.o
 .text.prvInsertBlockIntoFreeList
                0x0800da6c       0xb0 Middlewares\FreeRTOS\heap_4.o
 .text.makeFreeRtosPriority
                0x0800db1c       0x30 Middlewares\FreeRTOS\cmsis_os.o
 .text.inHandlerMode
                0x0800db4c       0x24 Middlewares\FreeRTOS\cmsis_os.o
 .text.osKernelStart
                0x0800db70       0x10 Middlewares\FreeRTOS\cmsis_os.o
                0x0800db70                osKernelStart
 .text.osThreadCreate
                0x0800db80       0x58 Middlewares\FreeRTOS\cmsis_os.o
                0x0800db80                osThreadCreate
 .text.osSemaphoreCreate
                0x0800dbd8       0x48 Middlewares\FreeRTOS\cmsis_os.o
                0x0800dbd8                osSemaphoreCreate
 .text.osSemaphoreWait
                0x0800dc20       0xa0 Middlewares\FreeRTOS\cmsis_os.o
                0x0800dc20                osSemaphoreWait
 .text.osSemaphoreRelease
                0x0800dcc0       0x6c Middlewares\FreeRTOS\cmsis_os.o
                0x0800dcc0                osSemaphoreRelease
 .text.osSystickHandler
                0x0800dd2c       0x14 Middlewares\FreeRTOS\cmsis_os.o
                0x0800dd2c                osSystickHandler
 .text.HAL_RCC_OscConfig
                0x0800dd40      0x48c Drivers\STM32F4xx_HAL_Driver\stm32f4xx_hal_rcc.o
                0x0800dd40                HAL_RCC_OscConfig
 .text.HAL_RCC_ClockConfig
                0x0800e1cc      0x31c Drivers\STM32F4xx_HAL_Driver\stm32f4xx_hal_rcc.o
                0x0800e1cc                HAL_RCC_ClockConfig
 .text.HAL_RCC_GetSysClockFreq
                0x0800e4e8       0xfc Drivers\STM32F4xx_HAL_Driver\stm32f4xx_hal_rcc.o
                0x0800e4e8                HAL_RCC_GetSysClockFreq
 .text.HAL_RCC_GetHCLKFreq
                0x0800e5e4       0x4c Drivers\STM32F4xx_HAL_Driver\stm32f4xx_hal_rcc.o
                0x0800e5e4                HAL_RCC_GetHCLKFreq
 .text.HAL_GPIO_Init
                0x0800e630      0x340 Drivers\STM32F4xx_HAL_Driver\stm32f4xx_hal_gpio.o
                0x0800e630                HAL_GPIO_Init
 .text.HAL_ETH_Init
                0x0800e970      0x308 Drivers\STM32F4xx_HAL_Driver\stm32f4xx_hal_eth.o
                0x0800e970                HAL_ETH_Init
 .text.HAL_ETH_DMATxDescListInit
                0x0800ec78       0xd4 Drivers\STM32F4xx_HAL_Driver\stm32f4xx_hal_eth.o
                0x0800ec78                HAL_ETH_DMATxDescListInit
 .text.HAL_ETH_DMARxDescListInit
                0x0800ed4c       0xdc Drivers\STM32F4xx_HAL_Driver\stm32f4xx_hal_eth.o
                0x0800ed4c                HAL_ETH_DMARxDescListInit
 .text.HAL_ETH_TransmitFrame
                0x0800ee28      0x1d4 Drivers\STM32F4xx_HAL_Driver\stm32f4xx_hal_eth.o
                0x0800ee28                HAL_ETH_TransmitFrame
 .text.HAL_ETH_GetReceivedFrame_IT
                0x0800effc      0x114 Drivers\STM32F4xx_HAL_Driver\stm32f4xx_hal_eth.o
                0x0800effc                HAL_ETH_GetReceivedFrame_IT
 .text.HAL_ETH_IRQHandler
                0x0800f110       0xcc Drivers\STM32F4xx_HAL_Driver\stm32f4xx_hal_eth.o
                0x0800f110                HAL_ETH_IRQHandler
 .text.HAL_ETH_TxCpltCallback
                0x0800f1dc       0x14 Drivers\STM32F4xx_HAL_Driver\stm32f4xx_hal_eth.o
                0x0800f1dc                HAL_ETH_TxCpltCallback
 .text.HAL_ETH_ErrorCallback
                0x0800f1f0       0x14 Drivers\STM32F4xx_HAL_Driver\stm32f4xx_hal_eth.o
                0x0800f1f0                HAL_ETH_ErrorCallback
 .text.HAL_ETH_ReadPHYRegister
                0x0800f204       0xd0 Drivers\STM32F4xx_HAL_Driver\stm32f4xx_hal_eth.o
                0x0800f204                HAL_ETH_ReadPHYRegister
 .text.HAL_ETH_WritePHYRegister
                0x0800f2d4       0xcc Drivers\STM32F4xx_HAL_Driver\stm32f4xx_hal_eth.o
                0x0800f2d4                HAL_ETH_WritePHYRegister
 .text.HAL_ETH_Start
                0x0800f3a0       0x60 Drivers\STM32F4xx_HAL_Driver\stm32f4xx_hal_eth.o
                0x0800f3a0                HAL_ETH_Start
 .text.ETH_MACDMAConfig
                0x0800f400      0x390 Drivers\STM32F4xx_HAL_Driver\stm32f4xx_hal_eth.o
 .text.ETH_MACAddressConfig
                0x0800f790       0x68 Drivers\STM32F4xx_HAL_Driver\stm32f4xx_hal_eth.o
 .text.ETH_MACTransmissionEnable
                0x0800f7f8       0x38 Drivers\STM32F4xx_HAL_Driver\stm32f4xx_hal_eth.o
 .text.ETH_MACReceptionEnable
                0x0800f830       0x38 Drivers\STM32F4xx_HAL_Driver\stm32f4xx_hal_eth.o
 .text.ETH_DMATransmissionEnable
                0x0800f868       0x30 Drivers\STM32F4xx_HAL_Driver\stm32f4xx_hal_eth.o
 .text.ETH_DMAReceptionEnable
                0x0800f898       0x30 Drivers\STM32F4xx_HAL_Driver\stm32f4xx_hal_eth.o
 .text.ETH_FlushTransmitFIFO
                0x0800f8c8       0x50 Drivers\STM32F4xx_HAL_Driver\stm32f4xx_hal_eth.o
 .text.NVIC_SetPriorityGrouping
                0x0800f918       0x48 Drivers\STM32F4xx_HAL_Driver\stm32f4xx_hal_cortex.o
 .text.NVIC_GetPriorityGrouping
                0x0800f960       0x1c Drivers\STM32F4xx_HAL_Driver\stm32f4xx_hal_cortex.o
 .text.NVIC_EnableIRQ
                0x0800f97c       0x30 Drivers\STM32F4xx_HAL_Driver\stm32f4xx_hal_cortex.o
 .text.NVIC_SetPriority
                0x0800f9ac       0x54 Drivers\STM32F4xx_HAL_Driver\stm32f4xx_hal_cortex.o
 .text.NVIC_EncodePriority
                0x0800fa00       0x64 Drivers\STM32F4xx_HAL_Driver\stm32f4xx_hal_cortex.o
 .text.SysTick_Config
                0x0800fa64       0x44 Drivers\STM32F4xx_HAL_Driver\stm32f4xx_hal_cortex.o
 .text.HAL_NVIC_SetPriorityGrouping
                0x0800faa8       0x14 Drivers\STM32F4xx_HAL_Driver\stm32f4xx_hal_cortex.o
                0x0800faa8                HAL_NVIC_SetPriorityGrouping
 .text.HAL_NVIC_SetPriority
                0x0800fabc       0x38 Drivers\STM32F4xx_HAL_Driver\stm32f4xx_hal_cortex.o
                0x0800fabc                HAL_NVIC_SetPriority
 .text.HAL_NVIC_EnableIRQ
                0x0800faf4       0x1c Drivers\STM32F4xx_HAL_Driver\stm32f4xx_hal_cortex.o
                0x0800faf4                HAL_NVIC_EnableIRQ
 .text.HAL_SYSTICK_Config
                0x0800fb10       0x18 Drivers\STM32F4xx_HAL_Driver\stm32f4xx_hal_cortex.o
                0x0800fb10                HAL_SYSTICK_Config
 .text.HAL_SYSTICK_CLKSourceConfig
                0x0800fb28       0x38 Drivers\STM32F4xx_HAL_Driver\stm32f4xx_hal_cortex.o
                0x0800fb28                HAL_SYSTICK_CLKSourceConfig
 .text.HAL_Init
                0x0800fb60       0x44 Drivers\STM32F4xx_HAL_Driver\stm32f4xx_hal.o
                0x0800fb60                HAL_Init
 .text.HAL_InitTick
                0x0800fba4       0x38 Drivers\STM32F4xx_HAL_Driver\stm32f4xx_hal.o
                0x0800fba4                HAL_InitTick
 .text.HAL_IncTick
                0x0800fbdc       0x1c Drivers\STM32F4xx_HAL_Driver\stm32f4xx_hal.o
                0x0800fbdc                HAL_IncTick
 .text.HAL_GetTick
                0x0800fbf8       0x18 Drivers\STM32F4xx_HAL_Driver\stm32f4xx_hal.o
                0x0800fbf8                HAL_GetTick
 .text.HAL_Delay
                0x0800fc10       0x2c Drivers\STM32F4xx_HAL_Driver\stm32f4xx_hal.o
                0x0800fc10                HAL_Delay
 .text.SystemInit
                0x0800fc3c       0x6c Drivers\CMSIS\system_stm32f4xx.o
                0x0800fc3c                SystemInit
 .text.SysTick_Handler
                0x0800fca8       0x10 Application\User\stm32f4xx_it.o
                0x0800fca8                SysTick_Handler
 .text.ETH_IRQHandler
                0x0800fcb8       0x10 Application\User\stm32f4xx_it.o
                0x0800fcb8                ETH_IRQHandler
 .text.HAL_MspInit
                0x0800fcc8       0x18 Application\User\stm32f4xx_hal_msp.o
                0x0800fcc8                HAL_MspInit
 .text.main     0x0800fce0       0x40 Application\User\main.o
                0x0800fce0                main
 .text.SystemClock_Config
                0x0800fd20       0xc0 Application\User\main.o
                0x0800fd20                SystemClock_Config
 .text.MX_GPIO_Init
                0x0800fde0      0x250 Application\User\main.o
 .text.StartDefaultTask
                0x08010030       0x60 Application\User\main.o
                0x08010030                StartDefaultTask
 .text.MX_LWIP_Init
                0x08010090       0x7c Application\User\lwip.o
                0x08010090                MX_LWIP_Init
 .text.HAL_ETH_MspInit
                0x0801010c       0xe8 Application\User\ethernetif.o
                0x0801010c                HAL_ETH_MspInit
 .text.HAL_ETH_RxCpltCallback
                0x080101f4       0x1c Application\User\ethernetif.o
                0x080101f4                HAL_ETH_RxCpltCallback
 .text.low_level_init
                0x08010210      0x1a8 Application\User\ethernetif.o
 .text.low_level_output
                0x080103b8      0x144 Application\User\ethernetif.o
 .text.low_level_input
                0x080104fc      0x168 Application\User\ethernetif.o
 .text.ethernetif_input
                0x08010664       0x50 Application\User\ethernetif.o
                0x08010664                ethernetif_input
 .text.ethernetif_init
                0x080106b4       0x40 Application\User\ethernetif.o
                0x080106b4                ethernetif_init
 .text.Reset_Handler
                0x080106f4       0x58 Application\TrueSTUDIO\startup_stm32f407xx.o
                0x080106f4                Reset_Handler
 .text.Default_Handler
                0x0801074c        0x4 Application\TrueSTUDIO\startup_stm32f407xx.o
                0x0801074c                RTC_Alarm_IRQHandler
                0x0801074c                HASH_RNG_IRQHandler
                0x0801074c                EXTI2_IRQHandler
                0x0801074c                TIM8_CC_IRQHandler
                0x0801074c                DebugMon_Handler
                0x0801074c                TIM1_CC_IRQHandler
                0x0801074c                DMA2_Stream5_IRQHandler
                0x0801074c                HardFault_Handler
                0x0801074c                DMA1_Stream5_IRQHandler
                0x0801074c                PVD_IRQHandler
                0x0801074c                SDIO_IRQHandler
                0x0801074c                TAMP_STAMP_IRQHandler
                0x0801074c                NMI_Handler
                0x0801074c                CAN2_RX1_IRQHandler
                0x0801074c                EXTI3_IRQHandler
                0x0801074c                TIM8_TRG_COM_TIM14_IRQHandler
                0x0801074c                TIM1_UP_TIM10_IRQHandler
                0x0801074c                TIM8_UP_TIM13_IRQHandler
                0x0801074c                I2C3_ER_IRQHandler
                0x0801074c                EXTI0_IRQHandler
                0x0801074c                I2C2_EV_IRQHandler
                0x0801074c                DMA1_Stream2_IRQHandler
                0x0801074c                CAN1_RX0_IRQHandler
                0x0801074c                FPU_IRQHandler
                0x0801074c                OTG_HS_WKUP_IRQHandler
                0x0801074c                UsageFault_Handler
                0x0801074c                CAN2_SCE_IRQHandler
                0x0801074c                DMA2_Stream2_IRQHandler
                0x0801074c                SPI1_IRQHandler
                0x0801074c                TIM6_DAC_IRQHandler
                0x0801074c                TIM1_BRK_TIM9_IRQHandler
                0x0801074c                DCMI_IRQHandler
                0x0801074c                CAN2_RX0_IRQHandler
                0x0801074c                DMA2_Stream3_IRQHandler
                0x0801074c                USART6_IRQHandler
                0x0801074c                USART3_IRQHandler
                0x0801074c                CAN1_RX1_IRQHandler
                0x0801074c                UART5_IRQHandler
                0x0801074c                DMA2_Stream0_IRQHandler
                0x0801074c                TIM4_IRQHandler
                0x0801074c                I2C1_EV_IRQHandler
                0x0801074c                DMA1_Stream6_IRQHandler
                0x0801074c                DMA1_Stream1_IRQHandler
                0x0801074c                UART4_IRQHandler
                0x0801074c                TIM3_IRQHandler
                0x0801074c                RCC_IRQHandler
                0x0801074c                TIM8_BRK_TIM12_IRQHandler
                0x0801074c                Default_Handler
                0x0801074c                EXTI15_10_IRQHandler
                0x0801074c                ADC_IRQHandler
                0x0801074c                DMA1_Stream7_IRQHandler
                0x0801074c                TIM7_IRQHandler
                0x0801074c                CAN2_TX_IRQHandler
                0x0801074c                TIM5_IRQHandler
                0x0801074c                DMA2_Stream7_IRQHandler
                0x0801074c                I2C3_EV_IRQHandler
                0x0801074c                EXTI9_5_IRQHandler
                0x0801074c                RTC_WKUP_IRQHandler
                0x0801074c                ETH_WKUP_IRQHandler
                0x0801074c                SPI2_IRQHandler
                0x0801074c                OTG_HS_EP1_IN_IRQHandler
                0x0801074c                MemManage_Handler
                0x0801074c                DMA1_Stream0_IRQHandler
                0x0801074c                CAN1_TX_IRQHandler
                0x0801074c                EXTI4_IRQHandler
                0x0801074c                FSMC_IRQHandler
                0x0801074c                OTG_HS_EP1_OUT_IRQHandler
                0x0801074c                WWDG_IRQHandler
                0x0801074c                TIM2_IRQHandler
                0x0801074c                OTG_FS_WKUP_IRQHandler
                0x0801074c                TIM1_TRG_COM_TIM11_IRQHandler
                0x0801074c                OTG_HS_IRQHandler
                0x0801074c                EXTI1_IRQHandler
                0x0801074c                USART2_IRQHandler
                0x0801074c                I2C2_ER_IRQHandler
                0x0801074c                DMA2_Stream1_IRQHandler
                0x0801074c                CAN1_SCE_IRQHandler
                0x0801074c                FLASH_IRQHandler
                0x0801074c                DMA2_Stream4_IRQHandler
                0x0801074c                BusFault_Handler
                0x0801074c                USART1_IRQHandler
                0x0801074c                OTG_FS_IRQHandler
                0x0801074c                SPI3_IRQHandler
                0x0801074c                DMA1_Stream4_IRQHandler
                0x0801074c                I2C1_ER_IRQHandler
                0x0801074c                DMA2_Stream6_IRQHandler
                0x0801074c                DMA1_Stream3_IRQHandler
 .text.__libc_init_array
                0x08010750       0x4c c:/program files (x86)/atollic/truestudio for arm pro 5.3.1/armtools/bin/../lib/gcc/arm-atollic-eabi/4.8.3/../../../../arm-atollic-eabi/lib/armv7e-m/fpu\libc.a(lib_a-init.o)
                0x08010750                __libc_init_array
 .text.malloc   0x0801079c       0x10 c:/program files (x86)/atollic/truestudio for arm pro 5.3.1/armtools/bin/../lib/gcc/arm-atollic-eabi/4.8.3/../../../../arm-atollic-eabi/lib/armv7e-m/fpu\libc.a(lib_a-malloc.o)
                0x0801079c                malloc
 .text._malloc_r
                0x080107ac      0x424 c:/program files (x86)/atollic/truestudio for arm pro 5.3.1/armtools/bin/../lib/gcc/arm-atollic-eabi/4.8.3/../../../../arm-atollic-eabi/lib/armv7e-m/fpu\libc.a(lib_a-mallocr.o)
                0x080107ac                _malloc_r
 .text.memcmp   0x08010bd0       0x1e c:/program files (x86)/atollic/truestudio for arm pro 5.3.1/armtools/bin/../lib/gcc/arm-atollic-eabi/4.8.3/../../../../arm-atollic-eabi/lib/armv7e-m/fpu\libc.a(lib_a-memcmp.o)
                0x08010bd0                memcmp
 .text.memcpy   0x08010bee       0x12 c:/program files (x86)/atollic/truestudio for arm pro 5.3.1/armtools/bin/../lib/gcc/arm-atollic-eabi/4.8.3/../../../../arm-atollic-eabi/lib/armv7e-m/fpu\libc.a(lib_a-memcpy-stub.o)
                0x08010bee                memcpy
 .text.memset   0x08010c00       0x10 c:/program files (x86)/atollic/truestudio for arm pro 5.3.1/armtools/bin/../lib/gcc/arm-atollic-eabi/4.8.3/../../../../arm-atollic-eabi/lib/armv7e-m/fpu\libc.a(lib_a-memset.o)
                0x08010c00                memset
 .text.__malloc_lock
                0x08010c10        0x2 c:/program files (x86)/atollic/truestudio for arm pro 5.3.1/armtools/bin/../lib/gcc/arm-atollic-eabi/4.8.3/../../../../arm-atollic-eabi/lib/armv7e-m/fpu\libc.a(lib_a-mlock.o)
                0x08010c10                __malloc_lock
 .text.__malloc_unlock
                0x08010c12        0x2 c:/program files (x86)/atollic/truestudio for arm pro 5.3.1/armtools/bin/../lib/gcc/arm-atollic-eabi/4.8.3/../../../../arm-atollic-eabi/lib/armv7e-m/fpu\libc.a(lib_a-mlock.o)
                0x08010c12                __malloc_unlock
 .text._sbrk_r  0x08010c14       0x20 c:/program files (x86)/atollic/truestudio for arm pro 5.3.1/armtools/bin/../lib/gcc/arm-atollic-eabi/4.8.3/../../../../arm-atollic-eabi/lib/armv7e-m/fpu\libc.a(lib_a-sbrkr.o)
                0x08010c14                _sbrk_r
 .text._sbrk    0x08010c34       0x34 c:/program files (x86)/atollic/truestudio for arm pro 5.3.1/armtools/bin/../lib/gcc/arm-atollic-eabi/4.8.3/../../../../arm-atollic-eabi/lib/armv7e-m/fpu\libc.a(lib_a-syscalls.o)
                0x08010c34                _sbrk
 .text._malloc_trim_r
                0x08010c68       0xa8 c:/program files (x86)/atollic/truestudio for arm pro 5.3.1/armtools/bin/../lib/gcc/arm-atollic-eabi/4.8.3/../../../../arm-atollic-eabi/lib/armv7e-m/fpu\libc.a(lib_a-freer.o)
                0x08010c68                _malloc_trim_r
 .text._free_r  0x08010d10      0x170 c:/program files (x86)/atollic/truestudio for arm pro 5.3.1/armtools/bin/../lib/gcc/arm-atollic-eabi/4.8.3/../../../../arm-atollic-eabi/lib/armv7e-m/fpu\libc.a(lib_a-freer.o)
                0x08010d10                _free_r
 *(.glue_7)
 .glue_7        0x00000000        0x0 linker stubs
 *(.glue_7t)
 .glue_7t       0x00000000        0x0 linker stubs
 *(.eh_frame)
 .eh_frame      0x08010e80        0x0 c:/program files (x86)/atollic/truestudio for arm pro 5.3.1/armtools/bin/../lib/gcc/arm-atollic-eabi/4.8.3/armv7e-m/fpu/crtbegin.o
 *(.init)
 .init          0x08010e80        0x4 c:/program files (x86)/atollic/truestudio for arm pro 5.3.1/armtools/bin/../lib/gcc/arm-atollic-eabi/4.8.3/armv7e-m/fpu/crti.o
                0x08010e80                _init
 .init          0x08010e84        0x8 c:/program files (x86)/atollic/truestudio for arm pro 5.3.1/armtools/bin/../lib/gcc/arm-atollic-eabi/4.8.3/armv7e-m/fpu/crtn.o
 *(.fini)
 .fini          0x08010e8c        0x4 c:/program files (x86)/atollic/truestudio for arm pro 5.3.1/armtools/bin/../lib/gcc/arm-atollic-eabi/4.8.3/armv7e-m/fpu/crti.o
                0x08010e8c                _fini
 .fini          0x08010e90        0x8 c:/program files (x86)/atollic/truestudio for arm pro 5.3.1/armtools/bin/../lib/gcc/arm-atollic-eabi/4.8.3/armv7e-m/fpu/crtn.o
                0x08010e98                . = ALIGN (0x4)
                0x08010e98                _etext = .

.vfp11_veneer   0x08010e98        0x0
 .vfp11_veneer  0x00000000        0x0 linker stubs

.v4_bx          0x08010e98        0x0
 .v4_bx         0x00000000        0x0 linker stubs

.iplt           0x08010e98        0x0
 .iplt          0x00000000        0x0 c:/program files (x86)/atollic/truestudio for arm pro 5.3.1/armtools/bin/../lib/gcc/arm-atollic-eabi/4.8.3/armv7e-m/fpu/crtbegin.o

.rodata         0x08010e98      0x120
                0x08010e98                . = ALIGN (0x4)
 *(.rodata)
 .rodata        0x08010e98       0x10 Middlewares\LwIP\tcpip.o
 .rodata        0x08010ea8        0x8 Middlewares\FreeRTOS\tasks.o
 .rodata        0x08010eb0       0x20 Application\User\main.o
 .rodata        0x08010ed0       0x1c Application\User\ethernetif.o
 *(.rodata*)
 .rodata.tcp_backoff
                0x08010eec       0x10 Middlewares\LwIP\tcp.o
                0x08010eec                tcp_backoff
 .rodata.tcp_persist_backoff
                0x08010efc        0x8 Middlewares\LwIP\tcp.o
                0x08010efc                tcp_persist_backoff
 .rodata.tcp_pcb_lists
                0x08010f04       0x10 Middlewares\LwIP\tcp.o
                0x08010f04                tcp_pcb_lists
 .rodata.err_to_errno_table
                0x08010f14       0x40 Middlewares\LwIP\sockets.o
 .rodata.memp_sizes
                0x08010f54       0x1c Middlewares\LwIP\memp.o
 .rodata.memp_num
                0x08010f70       0x1c Middlewares\LwIP\memp.o
 .rodata.ip_addr_any
                0x08010f8c        0x4 Middlewares\LwIP\ip_addr.o
                0x08010f8c                ip_addr_any
 .rodata.ip_addr_broadcast
                0x08010f90        0x4 Middlewares\LwIP\ip_addr.o
                0x08010f90                ip_addr_broadcast
 .rodata.ethbroadcast
                0x08010f94        0x8 Middlewares\LwIP\etharp.o
                0x08010f94                ethbroadcast
 .rodata.ethzero
                0x08010f9c        0x8 Middlewares\LwIP\etharp.o
                0x08010f9c                ethzero
 .rodata.APBAHBPrescTable
                0x08010fa4       0x10 Drivers\STM32F4xx_HAL_Driver\stm32f4xx_hal_rcc.o
                0x08010fa4                APBAHBPrescTable
 .rodata.str1.1
                0x08010fb4        0x2 c:/program files (x86)/atollic/truestudio for arm pro 5.3.1/armtools/bin/../lib/gcc/arm-atollic-eabi/4.8.3/../../../../arm-atollic-eabi/lib/armv7e-m/fpu\libc.a(lib_a-impure.o)
                0x08010fb8                . = ALIGN (0x4)
 *fill*         0x08010fb6        0x2 

.rel.dyn        0x08010fb8        0x0
 .rel.iplt      0x00000000        0x0 c:/program files (x86)/atollic/truestudio for arm pro 5.3.1/armtools/bin/../lib/gcc/arm-atollic-eabi/4.8.3/armv7e-m/fpu/crtbegin.o

.ARM.extab
 *(.ARM.extab* .gnu.linkonce.armextab.*)

.ARM            0x08010fb8        0x0
                0x08010fb8                __exidx_start = .
 *(.ARM.exidx*)
                0x08010fb8                __exidx_end = .

.preinit_array  0x08010fb8        0x0
                0x08010fb8                PROVIDE (__preinit_array_start, .)
 *(.preinit_array*)
                0x08010fb8                PROVIDE (__preinit_array_end, .)

.init_array     0x08010fb8        0x4
                0x08010fb8                PROVIDE (__init_array_start, .)
 *(SORT(.init_array.*))
 *(.init_array*)
 .init_array    0x08010fb8        0x4 c:/program files (x86)/atollic/truestudio for arm pro 5.3.1/armtools/bin/../lib/gcc/arm-atollic-eabi/4.8.3/armv7e-m/fpu/crtbegin.o
                0x08010fbc                PROVIDE (__init_array_end, .)

.fini_array     0x08010fbc        0x4
                0x08010fbc                PROVIDE (__fini_array_start, .)
 *(SORT(.fini_array.*))
 *(.fini_array*)
 .fini_array    0x08010fbc        0x4 c:/program files (x86)/atollic/truestudio for arm pro 5.3.1/armtools/bin/../lib/gcc/arm-atollic-eabi/4.8.3/armv7e-m/fpu/crtbegin.o
                0x08010fc0                PROVIDE (__fini_array_end, .)
                0x08010fc0                _sidata = LOADADDR (.data)

.data           0x20000000      0x51c load address 0x08010fc0
                0x20000000                . = ALIGN (0x4)
                0x20000000                _sdata = .
 *(.data)
 *(.data*)
 .data.udp_port
                0x20000000        0x2 Middlewares\LwIP\udp.o
 .data.tcp_port
                0x20000002        0x2 Middlewares\LwIP\tcp.o
 .data.iss.7980
                0x20000004        0x4 Middlewares\LwIP\tcp.o
 .data.xid.7836
                0x20000008        0x4 Middlewares\LwIP\dhcp.o
 .data.xNextTaskUnblockTime
                0x2000000c        0x4 Middlewares\FreeRTOS\tasks.o
 .data.uxCriticalNesting
                0x20000010        0x4 Middlewares\FreeRTOS\port.o
 .data.SystemCoreClock
                0x20000014        0x4 Drivers\CMSIS\system_stm32f4xx.o
                0x20000014                SystemCoreClock
 .data.__malloc_av_
                0x20000018      0x408 c:/program files (x86)/atollic/truestudio for arm pro 5.3.1/armtools/bin/../lib/gcc/arm-atollic-eabi/4.8.3/../../../../arm-atollic-eabi/lib/armv7e-m/fpu\libc.a(lib_a-mallocr.o)
                0x20000018                __malloc_av_
 .data.__malloc_trim_threshold
                0x20000420        0x4 c:/program files (x86)/atollic/truestudio for arm pro 5.3.1/armtools/bin/../lib/gcc/arm-atollic-eabi/4.8.3/../../../../arm-atollic-eabi/lib/armv7e-m/fpu\libc.a(lib_a-mallocr.o)
                0x20000420                __malloc_trim_threshold
 .data.__malloc_sbrk_base
                0x20000424        0x4 c:/program files (x86)/atollic/truestudio for arm pro 5.3.1/armtools/bin/../lib/gcc/arm-atollic-eabi/4.8.3/../../../../arm-atollic-eabi/lib/armv7e-m/fpu\libc.a(lib_a-mallocr.o)
                0x20000424                __malloc_sbrk_base
 .data.impure_data
                0x20000428       0xf0 c:/program files (x86)/atollic/truestudio for arm pro 5.3.1/armtools/bin/../lib/gcc/arm-atollic-eabi/4.8.3/../../../../arm-atollic-eabi/lib/armv7e-m/fpu\libc.a(lib_a-impure.o)
 .data._impure_ptr
                0x20000518        0x4 c:/program files (x86)/atollic/truestudio for arm pro 5.3.1/armtools/bin/../lib/gcc/arm-atollic-eabi/4.8.3/../../../../arm-atollic-eabi/lib/armv7e-m/fpu\libc.a(lib_a-impure.o)
                0x20000518                _impure_ptr
                0x2000051c                . = ALIGN (0x4)
                0x2000051c                _edata = .
                0x080114dc                _siccmram = LOADADDR (.ccmram)

.igot.plt       0x2000051c        0x0 load address 0x080114dc
 .igot.plt      0x00000000        0x0 c:/program files (x86)/atollic/truestudio for arm pro 5.3.1/armtools/bin/../lib/gcc/arm-atollic-eabi/4.8.3/armv7e-m/fpu/crtbegin.o

.ccmram         0x10000000        0x0 load address 0x080114dc
                0x10000000                . = ALIGN (0x4)
                0x10000000                _sccmram = .
 *(.ccmram)
 *(.ccmram*)
                0x10000000                . = ALIGN (0x4)
                0x10000000                _eccmram = .
                0x10000000                . = ALIGN (0x4)

.bss            0x2000051c     0xa8dc
                0x2000051c                _sbss = .
                0x2000051c                __bss_start__ = _sbss
 *(.bss)
 .bss           0x2000051c       0x1c c:/program files (x86)/atollic/truestudio for arm pro 5.3.1/armtools/bin/../lib/gcc/arm-atollic-eabi/4.8.3/armv7e-m/fpu/crtbegin.o
 *(.bss*)
 .bss.tcpip_init_done
                0x20000538        0x4 Middlewares\LwIP\tcpip.o
 .bss.tcpip_init_done_arg
                0x2000053c        0x4 Middlewares\LwIP\tcpip.o
 .bss.mbox      0x20000540        0x4 Middlewares\LwIP\tcpip.o
 .bss.inseg     0x20000544       0x10 Middlewares\LwIP\tcp_in.o
 .bss.tcphdr    0x20000554        0x4 Middlewares\LwIP\tcp_in.o
 .bss.iphdr     0x20000558        0x4 Middlewares\LwIP\tcp_in.o
 .bss.seqno     0x2000055c        0x4 Middlewares\LwIP\tcp_in.o
 .bss.ackno     0x20000560        0x4 Middlewares\LwIP\tcp_in.o
 .bss.flags     0x20000564        0x1 Middlewares\LwIP\tcp_in.o
 *fill*         0x20000565        0x1 
 .bss.tcplen    0x20000566        0x2 Middlewares\LwIP\tcp_in.o
 .bss.recv_flags
                0x20000568        0x1 Middlewares\LwIP\tcp_in.o
 *fill*         0x20000569        0x3 
 .bss.recv_data
                0x2000056c        0x4 Middlewares\LwIP\tcp_in.o
 .bss.tcp_timer
                0x20000570        0x1 Middlewares\LwIP\tcp.o
 .bss.tcp_timer_ctr
                0x20000571        0x1 Middlewares\LwIP\tcp.o
 .bss.s_nextthread
                0x20000572        0x2 Middlewares\LwIP\sys_arch.o
 .bss.sockets   0x20000574       0x60 Middlewares\LwIP\sockets.o
 .bss.select_cb_list
                0x200005d4        0x4 Middlewares\LwIP\sockets.o
 .bss.select_cb_ctr
                0x200005d8        0x4 Middlewares\LwIP\sockets.o
 .bss.raw_pcbs  0x200005dc        0x4 Middlewares\LwIP\raw.o
 .bss.netif_num
                0x200005e0        0x1 Middlewares\LwIP\netif.o
 *fill*         0x200005e1        0x3 
 .bss.memp_tab  0x200005e4       0x38 Middlewares\LwIP\memp.o
 .bss.memp_memory
                0x2000061c     0x3134 Middlewares\LwIP\memp.o
 .bss.ram       0x20003750        0x4 Middlewares\LwIP\mem.o
 .bss.ram_end   0x20003754        0x4 Middlewares\LwIP\mem.o
 .bss.lfree     0x20003758        0x4 Middlewares\LwIP\mem.o
 .bss.mem_mutex
                0x2000375c        0x4 Middlewares\LwIP\mem.o
 .bss.next_timeout
                0x20003760        0x4 Middlewares\LwIP\lwip_timers.o
 .bss.tcpip_tcp_timer_active
                0x20003764        0x4 Middlewares\LwIP\lwip_timers.o
 .bss.reassdatagrams
                0x20003768        0x4 Middlewares\LwIP\ip_frag.o
 .bss.ip_reass_pbufcount
                0x2000376c        0x2 Middlewares\LwIP\ip_frag.o
 .bss.ip_id     0x2000376e        0x2 Middlewares\LwIP\ip.o
 .bss.arp_table
                0x20003770       0xc8 Middlewares\LwIP\etharp.o
 .bss.etharp_cached_entry
                0x20003838        0x1 Middlewares\LwIP\etharp.o
 *fill*         0x20003839        0x3 
 .bss.pxCurrentTCB
                0x2000383c        0x4 Middlewares\FreeRTOS\tasks.o
                0x2000383c                pxCurrentTCB
 .bss.pxReadyTasksLists
                0x20003840       0x8c Middlewares\FreeRTOS\tasks.o
 .bss.xDelayedTaskList1
                0x200038cc       0x14 Middlewares\FreeRTOS\tasks.o
 .bss.xDelayedTaskList2
                0x200038e0       0x14 Middlewares\FreeRTOS\tasks.o
 .bss.pxDelayedTaskList
                0x200038f4        0x4 Middlewares\FreeRTOS\tasks.o
 .bss.pxOverflowDelayedTaskList
                0x200038f8        0x4 Middlewares\FreeRTOS\tasks.o
 .bss.xPendingReadyList
                0x200038fc       0x14 Middlewares\FreeRTOS\tasks.o
 .bss.xTasksWaitingTermination
                0x20003910       0x14 Middlewares\FreeRTOS\tasks.o
 .bss.uxTasksDeleted
                0x20003924        0x4 Middlewares\FreeRTOS\tasks.o
 .bss.xSuspendedTaskList
                0x20003928       0x14 Middlewares\FreeRTOS\tasks.o
 .bss.uxCurrentNumberOfTasks
                0x2000393c        0x4 Middlewares\FreeRTOS\tasks.o
 .bss.xTickCount
                0x20003940        0x4 Middlewares\FreeRTOS\tasks.o
 .bss.uxTopReadyPriority
                0x20003944        0x4 Middlewares\FreeRTOS\tasks.o
 .bss.xSchedulerRunning
                0x20003948        0x4 Middlewares\FreeRTOS\tasks.o
 .bss.uxPendedTicks
                0x2000394c        0x4 Middlewares\FreeRTOS\tasks.o
 .bss.xYieldPending
                0x20003950        0x4 Middlewares\FreeRTOS\tasks.o
 .bss.xNumOfOverflows
                0x20003954        0x4 Middlewares\FreeRTOS\tasks.o
 .bss.uxTaskNumber
                0x20003958        0x4 Middlewares\FreeRTOS\tasks.o
 .bss.uxSchedulerSuspended
                0x2000395c        0x4 Middlewares\FreeRTOS\tasks.o
 .bss.ucMaxSysCallPriority
                0x20003960        0x1 Middlewares\FreeRTOS\port.o
 *fill*         0x20003961        0x3 
 .bss.ulMaxPRIGROUPValue
                0x20003964        0x4 Middlewares\FreeRTOS\port.o
 .bss.ucHeap    0x20003968     0x3c00 Middlewares\FreeRTOS\heap_4.o
 .bss.xStart    0x20007568        0x8 Middlewares\FreeRTOS\heap_4.o
 .bss.pxEnd     0x20007570        0x4 Middlewares\FreeRTOS\heap_4.o
 .bss.xFreeBytesRemaining
                0x20007574        0x4 Middlewares\FreeRTOS\heap_4.o
 .bss.xMinimumEverFreeBytesRemaining
                0x20007578        0x4 Middlewares\FreeRTOS\heap_4.o
 .bss.xBlockAllocatedBit
                0x2000757c        0x4 Middlewares\FreeRTOS\heap_4.o
 .bss.uwTick    0x20007580        0x4 Drivers\STM32F4xx_HAL_Driver\stm32f4xx_hal.o
 .bss.s_xSemaphore
                0x20007584        0x4 Application\User\ethernetif.o
                0x20007584                s_xSemaphore
 .bss.__malloc_max_total_mem
                0x20007588        0x4 c:/program files (x86)/atollic/truestudio for arm pro 5.3.1/armtools/bin/../lib/gcc/arm-atollic-eabi/4.8.3/../../../../arm-atollic-eabi/lib/armv7e-m/fpu\libc.a(lib_a-mallocr.o)
                0x20007588                __malloc_max_total_mem
 .bss.__malloc_max_sbrked_mem
                0x2000758c        0x4 c:/program files (x86)/atollic/truestudio for arm pro 5.3.1/armtools/bin/../lib/gcc/arm-atollic-eabi/4.8.3/../../../../arm-atollic-eabi/lib/armv7e-m/fpu\libc.a(lib_a-mallocr.o)
                0x2000758c                __malloc_max_sbrked_mem
 .bss.__malloc_top_pad
                0x20007590        0x4 c:/program files (x86)/atollic/truestudio for arm pro 5.3.1/armtools/bin/../lib/gcc/arm-atollic-eabi/4.8.3/../../../../arm-atollic-eabi/lib/armv7e-m/fpu\libc.a(lib_a-mallocr.o)
                0x20007590                __malloc_top_pad
 .bss.__malloc_current_mallinfo
                0x20007594       0x28 c:/program files (x86)/atollic/truestudio for arm pro 5.3.1/armtools/bin/../lib/gcc/arm-atollic-eabi/4.8.3/../../../../arm-atollic-eabi/lib/armv7e-m/fpu\libc.a(lib_a-mallocr.o)
                0x20007594                __malloc_current_mallinfo
 .bss.heap_end.5122
                0x200075bc        0x4 c:/program files (x86)/atollic/truestudio for arm pro 5.3.1/armtools/bin/../lib/gcc/arm-atollic-eabi/4.8.3/../../../../arm-atollic-eabi/lib/armv7e-m/fpu\libc.a(lib_a-syscalls.o)
 *(COMMON)
 COMMON         0x200075c0        0x4 Middlewares\LwIP\udp.o
                0x200075c0                udp_pcbs
 COMMON         0x200075c4        0x4 Middlewares\LwIP\tcp_in.o
                0x200075c4                tcp_input_pcb
 COMMON         0x200075c8       0x1c Middlewares\LwIP\tcp.o
                0x200075c8                tcp_active_pcbs_changed
                0x200075cc                tcp_active_pcbs
                0x200075d0                tcp_ticks
                0x200075d4                tcp_listen_pcbs
                0x200075d8                tcp_tmp_pcb
                0x200075dc                tcp_bound_pcbs
                0x200075e0                tcp_tw_pcbs
 COMMON         0x200075e4        0x1 Middlewares\LwIP\pbuf.o
                0x200075e4                pbuf_free_ooseq_pending
 *fill*         0x200075e5        0x3 
 COMMON         0x200075e8        0x8 Middlewares\LwIP\netif.o
                0x200075e8                netif_list
                0x200075ec                netif_default
 COMMON         0x200075f0      0x654 Middlewares\LwIP\mem.o
                0x200075f0                ram_heap
 COMMON         0x20007c44       0x10 Middlewares\LwIP\ip.o
                0x20007c44                current_iphdr_src
                0x20007c48                current_netif
                0x20007c4c                current_iphdr_dest
                0x20007c50                current_header
 COMMON         0x20007c54       0x34 Middlewares\LwIP\dhcp.o
                0x20007c54                dhcp_rx_options_given
                0x20007c60                dhcp_rx_options_val
 COMMON         0x20007c88       0x40 Middlewares\FreeRTOS\queue.o
                0x20007c88                xQueueRegistry
 COMMON         0x20007cc8        0x4 Application\User\main.o
                0x20007cc8                defaultTaskHandle
 COMMON         0x20007ccc       0x40 Application\User\lwip.o
                0x20007ccc                gnetif
                0x20007d00                ipaddr
                0x20007d04                netmask
                0x20007d08                gw
 COMMON         0x20007d0c     0x30e8 Application\User\ethernetif.o
                0x20007d0c                DMATxDscrTab
                0x20007d8c                Rx_Buff
                0x2000955c                DMARxDscrTab
                0x200095dc                heth
                0x20009624                Tx_Buff
 COMMON         0x2000adf4        0x4 c:/program files (x86)/atollic/truestudio for arm pro 5.3.1/armtools/bin/../lib/gcc/arm-atollic-eabi/4.8.3/../../../../arm-atollic-eabi/lib/armv7e-m/fpu\libc.a(lib_a-reent.o)
                0x2000adf4                errno
                0x2000adf8                . = ALIGN (0x4)
                0x2000adf8                _ebss = .
                0x2000adf8                __bss_end__ = _ebss

._user_heap_stack
                0x2000adf8      0x400
                0x2000adf8                . = ALIGN (0x4)
                0x2000adf8                PROVIDE (end, .)
                0x2000adf8                PROVIDE (_end, .)
                0x2000adf8                . = (. + _Min_Heap_Size)
                0x2000b1f8                . = (. + _Min_Stack_Size)
 *fill*         0x2000adf8      0x400 
                0x2000b1f8                . = ALIGN (0x4)

/DISCARD/
 libc.a(*)
 libm.a(*)
 libgcc.a(*)

.ARM.attributes
                0x00000000       0x30
 *(.ARM.attributes)
 .ARM.attributes
                0x00000000       0x22 c:/program files (x86)/atollic/truestudio for arm pro 5.3.1/armtools/bin/../lib/gcc/arm-atollic-eabi/4.8.3/armv7e-m/fpu/crti.o
 .ARM.attributes
                0x00000022       0x34 c:/program files (x86)/atollic/truestudio for arm pro 5.3.1/armtools/bin/../lib/gcc/arm-atollic-eabi/4.8.3/armv7e-m/fpu/crtbegin.o
 .ARM.attributes
                0x00000056       0x39 Middlewares\LwIP\udp.o
 .ARM.attributes
                0x0000008f       0x39 Middlewares\LwIP\tcpip.o
 .ARM.attributes
                0x000000c8       0x39 Middlewares\LwIP\tcp_out.o
 .ARM.attributes
                0x00000101       0x39 Middlewares\LwIP\tcp_in.o
 .ARM.attributes
                0x0000013a       0x39 Middlewares\LwIP\tcp.o
 .ARM.attributes
                0x00000173       0x39 Middlewares\LwIP\sys_arch.o
 .ARM.attributes
                0x000001ac       0x39 Middlewares\LwIP\sockets.o
 .ARM.attributes
                0x000001e5       0x39 Middlewares\LwIP\raw.o
 .ARM.attributes
                0x0000021e       0x39 Middlewares\LwIP\pbuf.o
 .ARM.attributes
                0x00000257       0x39 Middlewares\LwIP\netif.o
 .ARM.attributes
                0x00000290       0x39 Middlewares\LwIP\netbuf.o
 .ARM.attributes
                0x000002c9       0x39 Middlewares\LwIP\memp.o
 .ARM.attributes
                0x00000302       0x39 Middlewares\LwIP\mem.o
 .ARM.attributes
                0x0000033b       0x39 Middlewares\LwIP\lwip_timers.o
 .ARM.attributes
                0x00000374       0x39 Middlewares\LwIP\ip_frag.o
 .ARM.attributes
                0x000003ad       0x39 Middlewares\LwIP\ip_addr.o
 .ARM.attributes
                0x000003e6       0x39 Middlewares\LwIP\ip.o
 .ARM.attributes
                0x0000041f       0x39 Middlewares\LwIP\init.o
 .ARM.attributes
                0x00000458       0x39 Middlewares\LwIP\inet_chksum.o
 .ARM.attributes
                0x00000491       0x39 Middlewares\LwIP\icmp.o
 .ARM.attributes
                0x000004ca       0x39 Middlewares\LwIP\etharp.o
 .ARM.attributes
                0x00000503       0x39 Middlewares\LwIP\dhcp.o
 .ARM.attributes
                0x0000053c       0x39 Middlewares\LwIP\def.o
 .ARM.attributes
                0x00000575       0x39 Middlewares\LwIP\api_msg.o
 .ARM.attributes
                0x000005ae       0x39 Middlewares\LwIP\api_lib.o
 .ARM.attributes
                0x000005e7       0x39 Middlewares\FreeRTOS\tasks.o
 .ARM.attributes
                0x00000620       0x39 Middlewares\FreeRTOS\queue.o
 .ARM.attributes
                0x00000659       0x39 Middlewares\FreeRTOS\port.o
 .ARM.attributes
                0x00000692       0x39 Middlewares\FreeRTOS\list.o
 .ARM.attributes
                0x000006cb       0x39 Middlewares\FreeRTOS\heap_4.o
 .ARM.attributes
                0x00000704       0x39 Middlewares\FreeRTOS\cmsis_os.o
 .ARM.attributes
                0x0000073d       0x39 Drivers\STM32F4xx_HAL_Driver\stm32f4xx_hal_rcc.o
 .ARM.attributes
                0x00000776       0x39 Drivers\STM32F4xx_HAL_Driver\stm32f4xx_hal_gpio.o
 .ARM.attributes
                0x000007af       0x39 Drivers\STM32F4xx_HAL_Driver\stm32f4xx_hal_eth.o
 .ARM.attributes
                0x000007e8       0x39 Drivers\STM32F4xx_HAL_Driver\stm32f4xx_hal_cortex.o
 .ARM.attributes
                0x00000821       0x39 Drivers\STM32F4xx_HAL_Driver\stm32f4xx_hal.o
 .ARM.attributes
                0x0000085a       0x39 Drivers\CMSIS\system_stm32f4xx.o
 .ARM.attributes
                0x00000893       0x39 Application\User\stm32f4xx_it.o
 .ARM.attributes
                0x000008cc       0x39 Application\User\stm32f4xx_hal_msp.o
 .ARM.attributes
                0x00000905       0x39 Application\User\main.o
 .ARM.attributes
                0x0000093e       0x39 Application\User\lwip.o
 .ARM.attributes
                0x00000977       0x39 Application\User\ethernetif.o
 .ARM.attributes
                0x000009b0       0x21 Application\TrueSTUDIO\startup_stm32f407xx.o
 .ARM.attributes
                0x000009d1       0x34 c:/program files (x86)/atollic/truestudio for arm pro 5.3.1/armtools/bin/../lib/gcc/arm-atollic-eabi/4.8.3/../../../../arm-atollic-eabi/lib/armv7e-m/fpu\libc.a(lib_a-init.o)
 .ARM.attributes
                0x00000a05       0x34 c:/program files (x86)/atollic/truestudio for arm pro 5.3.1/armtools/bin/../lib/gcc/arm-atollic-eabi/4.8.3/../../../../arm-atollic-eabi/lib/armv7e-m/fpu\libc.a(lib_a-malloc.o)
 .ARM.attributes
                0x00000a39       0x34 c:/program files (x86)/atollic/truestudio for arm pro 5.3.1/armtools/bin/../lib/gcc/arm-atollic-eabi/4.8.3/../../../../arm-atollic-eabi/lib/armv7e-m/fpu\libc.a(lib_a-mallocr.o)
 .ARM.attributes
                0x00000a6d       0x34 c:/program files (x86)/atollic/truestudio for arm pro 5.3.1/armtools/bin/../lib/gcc/arm-atollic-eabi/4.8.3/../../../../arm-atollic-eabi/lib/armv7e-m/fpu\libc.a(lib_a-memcmp.o)
 .ARM.attributes
                0x00000aa1       0x34 c:/program files (x86)/atollic/truestudio for arm pro 5.3.1/armtools/bin/../lib/gcc/arm-atollic-eabi/4.8.3/../../../../arm-atollic-eabi/lib/armv7e-m/fpu\libc.a(lib_a-memcpy-stub.o)
 .ARM.attributes
                0x00000ad5       0x34 c:/program files (x86)/atollic/truestudio for arm pro 5.3.1/armtools/bin/../lib/gcc/arm-atollic-eabi/4.8.3/../../../../arm-atollic-eabi/lib/armv7e-m/fpu\libc.a(lib_a-memset.o)
 .ARM.attributes
                0x00000b09       0x34 c:/program files (x86)/atollic/truestudio for arm pro 5.3.1/armtools/bin/../lib/gcc/arm-atollic-eabi/4.8.3/../../../../arm-atollic-eabi/lib/armv7e-m/fpu\libc.a(lib_a-mlock.o)
 .ARM.attributes
                0x00000b3d       0x34 c:/program files (x86)/atollic/truestudio for arm pro 5.3.1/armtools/bin/../lib/gcc/arm-atollic-eabi/4.8.3/../../../../arm-atollic-eabi/lib/armv7e-m/fpu\libc.a(lib_a-sbrkr.o)
 .ARM.attributes
                0x00000b71       0x34 c:/program files (x86)/atollic/truestudio for arm pro 5.3.1/armtools/bin/../lib/gcc/arm-atollic-eabi/4.8.3/../../../../arm-atollic-eabi/lib/armv7e-m/fpu\libc.a(lib_a-syscalls.o)
 .ARM.attributes
                0x00000ba5       0x34 c:/program files (x86)/atollic/truestudio for arm pro 5.3.1/armtools/bin/../lib/gcc/arm-atollic-eabi/4.8.3/../../../../arm-atollic-eabi/lib/armv7e-m/fpu\libc.a(lib_a-freer.o)
 .ARM.attributes
                0x00000bd9       0x34 c:/program files (x86)/atollic/truestudio for arm pro 5.3.1/armtools/bin/../lib/gcc/arm-atollic-eabi/4.8.3/../../../../arm-atollic-eabi/lib/armv7e-m/fpu\libc.a(lib_a-impure.o)
 .ARM.attributes
                0x00000c0d       0x34 c:/program files (x86)/atollic/truestudio for arm pro 5.3.1/armtools/bin/../lib/gcc/arm-atollic-eabi/4.8.3/../../../../arm-atollic-eabi/lib/armv7e-m/fpu\libc.a(lib_a-reent.o)
 .ARM.attributes
                0x00000c41       0x22 c:/program files (x86)/atollic/truestudio for arm pro 5.3.1/armtools/bin/../lib/gcc/arm-atollic-eabi/4.8.3/armv7e-m/fpu/crtn.o
OUTPUT(hopeful Configuration.elf elf32-littlearm)

.debug_info     0x00000000    0x1c735
 .debug_info    0x00000000      0xb83 Middlewares\LwIP\udp.o
 .debug_info    0x00000b83      0xb9d Middlewares\LwIP\tcpip.o
 .debug_info    0x00001720     0x1009 Middlewares\LwIP\tcp_out.o
 .debug_info    0x00002729      0xd72 Middlewares\LwIP\tcp_in.o
 .debug_info    0x0000349b     0x13ee Middlewares\LwIP\tcp.o
 .debug_info    0x00004889      0x69b Middlewares\LwIP\sys_arch.o
 .debug_info    0x00004f24     0x1ca9 Middlewares\LwIP\sockets.o
 .debug_info    0x00006bcd      0x747 Middlewares\LwIP\raw.o
 .debug_info    0x00007314      0xec4 Middlewares\LwIP\pbuf.o
 .debug_info    0x000081d8      0xe91 Middlewares\LwIP\netif.o
 .debug_info    0x00009069      0x40a Middlewares\LwIP\netbuf.o
 .debug_info    0x00009473      0x298 Middlewares\LwIP\memp.o
 .debug_info    0x0000970b      0x3a7 Middlewares\LwIP\mem.o
 .debug_info    0x00009ab2      0x93d Middlewares\LwIP\lwip_timers.o
 .debug_info    0x0000a3ef      0xa3e Middlewares\LwIP\ip_frag.o
 .debug_info    0x0000ae2d      0x580 Middlewares\LwIP\ip_addr.o
 .debug_info    0x0000b3ad      0x958 Middlewares\LwIP\ip.o
 .debug_info    0x0000bd05       0xb3 Middlewares\LwIP\init.o
 .debug_info    0x0000bdb8      0x3ca Middlewares\LwIP\inet_chksum.o
 .debug_info    0x0000c182      0x624 Middlewares\LwIP\icmp.o
 .debug_info    0x0000c7a6      0xe15 Middlewares\LwIP\etharp.o
 .debug_info    0x0000d5bb     0x108d Middlewares\LwIP\dhcp.o
 .debug_info    0x0000e648      0x14f Middlewares\LwIP\def.o
 .debug_info    0x0000e797     0x1300 Middlewares\LwIP\api_msg.o
 .debug_info    0x0000fa97     0x1158 Middlewares\LwIP\api_lib.o
 .debug_info    0x00010bef     0x1af9 Middlewares\FreeRTOS\tasks.o
 .debug_info    0x000126e8     0x1247 Middlewares\FreeRTOS\queue.o
 .debug_info    0x0001392f      0x52f Middlewares\FreeRTOS\port.o
 .debug_info    0x00013e5e      0x29d Middlewares\FreeRTOS\list.o
 .debug_info    0x000140fb      0x3cb Middlewares\FreeRTOS\heap_4.o
 .debug_info    0x000144c6     0x120e Middlewares\FreeRTOS\cmsis_os.o
 .debug_info    0x000156d4      0xb11 Drivers\STM32F4xx_HAL_Driver\stm32f4xx_hal_rcc.o
 .debug_info    0x000161e5      0x6f8 Drivers\STM32F4xx_HAL_Driver\stm32f4xx_hal_gpio.o
 .debug_info    0x000168dd     0x13bb Drivers\STM32F4xx_HAL_Driver\stm32f4xx_hal_eth.o
 .debug_info    0x00017c98      0xd04 Drivers\STM32F4xx_HAL_Driver\stm32f4xx_hal_cortex.o
 .debug_info    0x0001899c      0x843 Drivers\STM32F4xx_HAL_Driver\stm32f4xx_hal.o
 .debug_info    0x000191df      0x4a0 Drivers\CMSIS\system_stm32f4xx.o
 .debug_info    0x0001967f      0x78f Application\User\stm32f4xx_it.o
 .debug_info    0x00019e0e      0x2f8 Application\User\stm32f4xx_hal_msp.o
 .debug_info    0x0001a106      0xaac Application\User\main.o
 .debug_info    0x0001abb2      0x61f Application\User\lwip.o
 .debug_info    0x0001b1d1     0x149c Application\User\ethernetif.o
 .debug_info    0x0001c66d       0xc8 Application\TrueSTUDIO\startup_stm32f407xx.o

.debug_abbrev   0x00000000     0x4c95
 .debug_abbrev  0x00000000      0x237 Middlewares\LwIP\udp.o
 .debug_abbrev  0x00000237      0x218 Middlewares\LwIP\tcpip.o
 .debug_abbrev  0x0000044f      0x250 Middlewares\LwIP\tcp_out.o
 .debug_abbrev  0x0000069f      0x228 Middlewares\LwIP\tcp_in.o
 .debug_abbrev  0x000008c7      0x2e3 Middlewares\LwIP\tcp.o
 .debug_abbrev  0x00000baa      0x1e7 Middlewares\LwIP\sys_arch.o
 .debug_abbrev  0x00000d91      0x251 Middlewares\LwIP\sockets.o
 .debug_abbrev  0x00000fe2      0x1e0 Middlewares\LwIP\raw.o
 .debug_abbrev  0x000011c2      0x237 Middlewares\LwIP\pbuf.o
 .debug_abbrev  0x000013f9      0x24a Middlewares\LwIP\netif.o
 .debug_abbrev  0x00001643      0x140 Middlewares\LwIP\netbuf.o
 .debug_abbrev  0x00001783      0x136 Middlewares\LwIP\memp.o
 .debug_abbrev  0x000018b9      0x15e Middlewares\LwIP\mem.o
 .debug_abbrev  0x00001a17      0x1b7 Middlewares\LwIP\lwip_timers.o
 .debug_abbrev  0x00001bce      0x20f Middlewares\LwIP\ip_frag.o
 .debug_abbrev  0x00001ddd      0x1b9 Middlewares\LwIP\ip_addr.o
 .debug_abbrev  0x00001f96      0x1a0 Middlewares\LwIP\ip.o
 .debug_abbrev  0x00002136       0x67 Middlewares\LwIP\init.o
 .debug_abbrev  0x0000219d      0x12b Middlewares\LwIP\inet_chksum.o
 .debug_abbrev  0x000022c8      0x1c5 Middlewares\LwIP\icmp.o
 .debug_abbrev  0x0000248d      0x21e Middlewares\LwIP\etharp.o
 .debug_abbrev  0x000026ab      0x21a Middlewares\LwIP\dhcp.o
 .debug_abbrev  0x000028c5       0x96 Middlewares\LwIP\def.o
 .debug_abbrev  0x0000295b      0x256 Middlewares\LwIP\api_msg.o
 .debug_abbrev  0x00002bb1      0x20a Middlewares\LwIP\api_lib.o
 .debug_abbrev  0x00002dbb      0x27e Middlewares\FreeRTOS\tasks.o
 .debug_abbrev  0x00003039      0x208 Middlewares\FreeRTOS\queue.o
 .debug_abbrev  0x00003241      0x1ce Middlewares\FreeRTOS\port.o
 .debug_abbrev  0x0000340f       0xbe Middlewares\FreeRTOS\list.o
 .debug_abbrev  0x000034cd      0x1b9 Middlewares\FreeRTOS\heap_4.o
 .debug_abbrev  0x00003686      0x2d5 Middlewares\FreeRTOS\cmsis_os.o
 .debug_abbrev  0x0000395b      0x294 Drivers\STM32F4xx_HAL_Driver\stm32f4xx_hal_rcc.o
 .debug_abbrev  0x00003bef      0x1aa Drivers\STM32F4xx_HAL_Driver\stm32f4xx_hal_gpio.o
 .debug_abbrev  0x00003d99      0x21d Drivers\STM32F4xx_HAL_Driver\stm32f4xx_hal_eth.o
 .debug_abbrev  0x00003fb6      0x2be Drivers\STM32F4xx_HAL_Driver\stm32f4xx_hal_cortex.o
 .debug_abbrev  0x00004274      0x1ee Drivers\STM32F4xx_HAL_Driver\stm32f4xx_hal.o
 .debug_abbrev  0x00004462      0x101 Drivers\CMSIS\system_stm32f4xx.o
 .debug_abbrev  0x00004563      0x104 Application\User\stm32f4xx_it.o
 .debug_abbrev  0x00004667       0x7d Application\User\stm32f4xx_hal_msp.o
 .debug_abbrev  0x000046e4      0x202 Application\User\main.o
 .debug_abbrev  0x000048e6      0x102 Application\User\lwip.o
 .debug_abbrev  0x000049e8      0x29b Application\User\ethernetif.o
 .debug_abbrev  0x00004c83       0x12 Application\TrueSTUDIO\startup_stm32f407xx.o

.debug_aranges  0x00000000     0x1750
 .debug_aranges
                0x00000000       0x78 Middlewares\LwIP\udp.o
 .debug_aranges
                0x00000078       0x80 Middlewares\LwIP\tcpip.o
 .debug_aranges
                0x000000f8       0x98 Middlewares\LwIP\tcp_out.o
 .debug_aranges
                0x00000190       0x50 Middlewares\LwIP\tcp_in.o
 .debug_aranges
                0x000001e0      0x140 Middlewares\LwIP\tcp.o
 .debug_aranges
                0x00000320       0xd0 Middlewares\LwIP\sys_arch.o
 .debug_aranges
                0x000003f0      0x108 Middlewares\LwIP\sockets.o
 .debug_aranges
                0x000004f8       0x58 Middlewares\LwIP\raw.o
 .debug_aranges
                0x00000550       0xc0 Middlewares\LwIP\pbuf.o
 .debug_aranges
                0x00000610       0x80 Middlewares\LwIP\netif.o
 .debug_aranges
                0x00000690       0x60 Middlewares\LwIP\netbuf.o
 .debug_aranges
                0x000006f0       0x30 Middlewares\LwIP\memp.o
 .debug_aranges
                0x00000720       0x48 Middlewares\LwIP\mem.o
 .debug_aranges
                0x00000768       0x68 Middlewares\LwIP\lwip_timers.o
 .debug_aranges
                0x000007d0       0x70 Middlewares\LwIP\ip_frag.o
 .debug_aranges
                0x00000840       0x48 Middlewares\LwIP\ip_addr.o
 .debug_aranges
                0x00000888       0x38 Middlewares\LwIP\ip.o
 .debug_aranges
                0x000008c0       0x20 Middlewares\LwIP\init.o
 .debug_aranges
                0x000008e0       0x40 Middlewares\LwIP\inet_chksum.o
 .debug_aranges
                0x00000920       0x38 Middlewares\LwIP\icmp.o
 .debug_aranges